
 Start Length Name Class
 0001:00401000 00018A8F0H _TEXT                  CODE
 0002:0058C000 0001CE2FCH _DATA                  DATA
 0003:0075A2FC 0000113B4H _BSS                   BSS
 0004:00000000 00000009CH _TLS                   TLS


Detailed map of segments
 0001:00000488 00000163 C=CODE    S=_TEXT    G=(none)   M=C:\DES\BUILD\BCC18\LIB\C0W32.OBJ ACBP=A9
 0001:000005EC 00000075 C=CODE    S=_TEXT    G=(none)   M=C:\DES\FIVEWIN-EXEMPLO\PRINCIPAL.OBJ ACBP=A9
 0001:00000664 0000011D C=CODE    S=_TEXT    G=(none)   M=C:\DES\BUILD\FWH18\LIB\FIVEHX.LIB|ACTIVEX ACBP=A9
 0001:00000784 00000798 C=CODE    S=_TEXT    G=(none)   M=C:\DES\BUILD\FWH18\LIB\FIVEHX.LIB|ADOFUNCS ACBP=A9
 0001:00000F1C 000000A5 C=CODE    S=_TEXT    G=(none)   M=C:\DES\BUILD\FWH18\LIB\FIVEHX.LIB|ALERT ACBP=A9
 0001:00000FC4 00000330 C=CODE    S=_TEXT    G=(none)   M=C:\DES\BUILD\FWH18\LIB\FIVEHX.LIB|BAR ACBP=A9
 0001:000012F4 000003C0 C=CODE    S=_TEXT    G=(none)   M=C:\DES\BUILD\FWH18\LIB\FIVEHX.LIB|BITMAP ACBP=A9
 0001:000016B4 000001F8 C=CODE    S=_TEXT    G=(none)   M=C:\DES\BUILD\FWH18\LIB\FIVEHX.LIB|BRUSH ACBP=A9
 0001:000018AC 000003F0 C=CODE    S=_TEXT    G=(none)   M=C:\DES\BUILD\FWH18\LIB\FIVEHX.LIB|BTNBMP ACBP=A9
 0001:00001C9C 0000017D C=CODE    S=_TEXT    G=(none)   M=C:\DES\BUILD\FWH18\LIB\FIVEHX.LIB|BUTTON ACBP=A9
 0001:00001E1C 0000011D C=CODE    S=_TEXT    G=(none)   M=C:\DES\BUILD\FWH18\LIB\FIVEHX.LIB|BUTTONB ACBP=A9
 0001:00001F3C 000001C5 C=CODE    S=_TEXT    G=(none)   M=C:\DES\BUILD\FWH18\LIB\FIVEHX.LIB|CHECKBOX ACBP=A9
 0001:00002104 0000016B C=CODE    S=_TEXT    G=(none)   M=C:\DES\BUILD\FWH18\LIB\FIVEHX.LIB|CHECKRES ACBP=A9
 0001:00002270 000001ED C=CODE    S=_TEXT    G=(none)   M=C:\DES\BUILD\FWH18\LIB\FIVEHX.LIB|CLIPBRD ACBP=A9
 0001:00002460 000003C0 C=CODE    S=_TEXT    G=(none)   M=C:\DES\BUILD\FWH18\LIB\FIVEHX.LIB|COMBOBOX ACBP=A9
 0001:00002820 000004B0 C=CODE    S=_TEXT    G=(none)   M=C:\DES\BUILD\FWH18\LIB\FIVEHX.LIB|CONTROL ACBP=A9
 0001:00002CD0 000000A5 C=CODE    S=_TEXT    G=(none)   M=C:\DES\BUILD\FWH18\LIB\FIVEHX.LIB|CURSOR ACBP=A9
 0001:00002D78 00000618 C=CODE    S=_TEXT    G=(none)   M=C:\DES\BUILD\FWH18\LIB\FIVEHX.LIB|DATAROW ACBP=A9
 0001:00003390 00000225 C=CODE    S=_TEXT    G=(none)   M=C:\DES\BUILD\FWH18\LIB\FIVEHX.LIB|DBCOMBO ACBP=A9
 0001:000035B8 000000ED C=CODE    S=_TEXT    G=(none)   M=C:\DES\BUILD\FWH18\LIB\FIVEHX.LIB|DBFFUNC1 ACBP=A9
 0001:000036A8 000001F8 C=CODE    S=_TEXT    G=(none)   M=C:\DES\BUILD\FWH18\LIB\FIVEHX.LIB|DBFFUNC2 ACBP=A9
 0001:000038A0 000000BD C=CODE    S=_TEXT    G=(none)   M=C:\DES\BUILD\FWH18\LIB\FIVEHX.LIB|DBTOOLS ACBP=A9
 0001:00003960 000000ED C=CODE    S=_TEXT    G=(none)   M=C:\DES\BUILD\FWH18\LIB\FIVEHX.LIB|DDE ACBP=A9
 0001:00003A50 00000318 C=CODE    S=_TEXT    G=(none)   M=C:\DES\BUILD\FWH18\LIB\FIVEHX.LIB|DIALOG ACBP=A9
 0001:00003D68 000000A5 C=CODE    S=_TEXT    G=(none)   M=C:\DES\BUILD\FWH18\LIB\FIVEHX.LIB|DLGFIND ACBP=A9
 0001:00003E10 000000A5 C=CODE    S=_TEXT    G=(none)   M=C:\DES\BUILD\FWH18\LIB\FIVEHX.LIB|DLGS32 ACBP=A9
 0001:00003EB8 00000165 C=CODE    S=_TEXT    G=(none)   M=C:\DES\BUILD\FWH18\LIB\FIVEHX.LIB|DOSTOFWH ACBP=A9
 0001:00004020 00000198 C=CODE    S=_TEXT    G=(none)   M=C:\DES\BUILD\FWH18\LIB\FIVEHX.LIB|EDIT ACBP=A9
 0001:000041B8 00000165 C=CODE    S=_TEXT    G=(none)   M=C:\DES\BUILD\FWH18\LIB\FIVEHX.LIB|ERRSYSW ACBP=A9
 0001:00004320 00000AE0 C=CODE    S=_TEXT    G=(none)   M=C:\DES\BUILD\FWH18\LIB\FIVEHX.LIB|FGET ACBP=A9
 0001:00004E00 0000029D C=CODE    S=_TEXT    G=(none)   M=C:\DES\BUILD\FWH18\LIB\FIVEHX.LIB|FILENAME ACBP=A9
 0001:000050A0 000000A5 C=CODE    S=_TEXT    G=(none)   M=C:\DES\BUILD\FWH18\LIB\FIVEHX.LIB|FLINE ACBP=A9
 0001:00005148 00000288 C=CODE    S=_TEXT    G=(none)   M=C:\DES\BUILD\FWH18\LIB\FIVEHX.LIB|FOLDER ACBP=A9
 0001:000053D0 00000288 C=CODE    S=_TEXT    G=(none)   M=C:\DES\BUILD\FWH18\LIB\FIVEHX.LIB|FONT ACBP=A9
 0001:00005658 00000105 C=CODE    S=_TEXT    G=(none)   M=C:\DES\BUILD\FWH18\LIB\FIVEHX.LIB|FWDECODE ACBP=A9
 0001:00005760 0000008D C=CODE    S=_TEXT    G=(none)   M=C:\DES\BUILD\FWH18\LIB\FIVEHX.LIB|FWERROR ACBP=A9
 0001:000057F0 0000029D C=CODE    S=_TEXT    G=(none)   M=C:\DES\BUILD\FWH18\LIB\FIVEHX.LIB|GETSYSIN ACBP=A9
 0001:00005A90 00000105 C=CODE    S=_TEXT    G=(none)   M=C:\DES\BUILD\FWH18\LIB\FIVEHX.LIB|GETTASKS ACBP=A9
 0001:00005B98 0000011D C=CODE    S=_TEXT    G=(none)   M=C:\DES\BUILD\FWH18\LIB\FIVEHX.LIB|GROUP ACBP=A9
 0001:00005CB8 00000105 C=CODE    S=_TEXT    G=(none)   M=C:\DES\BUILD\FWH18\LIB\FIVEHX.LIB|GTF ACBP=A9
 0001:00005DC0 00000525 C=CODE    S=_TEXT    G=(none)   M=C:\DES\BUILD\FWH18\LIB\FIVEHX.LIB|HARBOUR ACBP=A9
 0001:000062E8 0000014D C=CODE    S=_TEXT    G=(none)   M=C:\DES\BUILD\FWH18\LIB\FIVEHX.LIB|HELP32 ACBP=A9
 0001:00006438 0000038C C=CODE    S=_TEXT    G=(none)   M=C:\DES\BUILD\FWH18\LIB\FIVEHX.LIB|HELPCHM ACBP=A9
 0001:000067C4 00000135 C=CODE    S=_TEXT    G=(none)   M=C:\DES\BUILD\FWH18\LIB\FIVEHX.LIB|ICON ACBP=A9
 0001:000068FC 00000450 C=CODE    S=_TEXT    G=(none)   M=C:\DES\BUILD\FWH18\LIB\FIVEHX.LIB|IMAGE ACBP=A9
 0001:00006D4C 000004E9 C=CODE    S=_TEXT    G=(none)   M=C:\DES\BUILD\FWH18\LIB\FIVEHX.LIB|IMGTXTIO ACBP=A9
 0001:00007238 000000ED C=CODE    S=_TEXT    G=(none)   M=C:\DES\BUILD\FWH18\LIB\FIVEHX.LIB|INI ACBP=A9
 0001:00007328 000001AD C=CODE    S=_TEXT    G=(none)   M=C:\DES\BUILD\FWH18\LIB\FIVEHX.LIB|LINKLIST ACBP=A9
 0001:000074D8 000002A0 C=CODE    S=_TEXT    G=(none)   M=C:\DES\BUILD\FWH18\LIB\FIVEHX.LIB|LISTBOX ACBP=A9
 0001:00007778 00000138 C=CODE    S=_TEXT    G=(none)   M=C:\DES\BUILD\FWH18\LIB\FIVEHX.LIB|MDICHILD ACBP=A9
 0001:000078B0 00000135 C=CODE    S=_TEXT    G=(none)   M=C:\DES\BUILD\FWH18\LIB\FIVEHX.LIB|MDICLIEN ACBP=A9
 0001:000079E8 00000120 C=CODE    S=_TEXT    G=(none)   M=C:\DES\BUILD\FWH18\LIB\FIVEHX.LIB|MDIFRAME ACBP=A9
 0001:00007B08 000001B0 C=CODE    S=_TEXT    G=(none)   M=C:\DES\BUILD\FWH18\LIB\FIVEHX.LIB|MEMOEDIT ACBP=A9
 0001:00007CB8 00000510 C=CODE    S=_TEXT    G=(none)   M=C:\DES\BUILD\FWH18\LIB\FIVEHX.LIB|MENU ACBP=A9
 0001:000081C8 00000210 C=CODE    S=_TEXT    G=(none)   M=C:\DES\BUILD\FWH18\LIB\FIVEHX.LIB|MENUITEM ACBP=A9
 0001:000083D8 00000360 C=CODE    S=_TEXT    G=(none)   M=C:\DES\BUILD\FWH18\LIB\FIVEHX.LIB|MGET ACBP=A9
 0001:00008738 00000300 C=CODE    S=_TEXT    G=(none)   M=C:\DES\BUILD\FWH18\LIB\FIVEHX.LIB|MSGBAR ACBP=A9
 0001:00008A38 0000008D C=CODE    S=_TEXT    G=(none)   M=C:\DES\BUILD\FWH18\LIB\FIVEHX.LIB|MSGGET ACBP=A9
 0001:00008AC8 000000BD C=CODE    S=_TEXT    G=(none)   M=C:\DES\BUILD\FWH18\LIB\FIVEHX.LIB|MSGRUN ACBP=A9
 0001:00008B88 00000285 C=CODE    S=_TEXT    G=(none)   M=C:\DES\BUILD\FWH18\LIB\FIVEHX.LIB|PGSUPORT ACBP=A9
 0001:00008E10 0000005D C=CODE    S=_TEXT    G=(none)   M=C:\DES\BUILD\FWH18\LIB\FIVEHX.LIB|ODATA ACBP=A9
 0001:00008E70 000001F5 C=CODE    S=_TEXT    G=(none)   M=C:\DES\BUILD\FWH18\LIB\FIVEHX.LIB|OLEFUNCS ACBP=A9
 0001:00009068 000002B8 C=CODE    S=_TEXT    G=(none)   M=C:\DES\BUILD\FWH18\LIB\FIVEHX.LIB|PDMENU ACBP=A9
 0001:00009320 000000BD C=CODE    S=_TEXT    G=(none)   M=C:\DES\BUILD\FWH18\LIB\FIVEHX.LIB|PDREPORT ACBP=A9
 0001:000093E0 0000008D C=CODE    S=_TEXT    G=(none)   M=C:\DES\BUILD\FWH18\LIB\FIVEHX.LIB|PEN ACBP=A9
 0001:00009470 000003C0 C=CODE    S=_TEXT    G=(none)   M=C:\DES\BUILD\FWH18\LIB\FIVEHX.LIB|PRINTER ACBP=A9
 0001:00009830 0000059D C=CODE    S=_TEXT    G=(none)   M=C:\DES\BUILD\FWH18\LIB\FIVEHX.LIB|PRV2PDF ACBP=A9
 0001:00009DD0 000001C5 C=CODE    S=_TEXT    G=(none)   M=C:\DES\BUILD\FWH18\LIB\FIVEHX.LIB|RADIO ACBP=A9
 0001:00009F98 00000165 C=CODE    S=_TEXT    G=(none)   M=C:\DES\BUILD\FWH18\LIB\FIVEHX.LIB|RADMENU ACBP=A9
 0001:0000A100 00000180 C=CODE    S=_TEXT    G=(none)   M=C:\DES\BUILD\FWH18\LIB\FIVEHX.LIB|RCOLUMN ACBP=A9
 0001:0000A280 000000A5 C=CODE    S=_TEXT    G=(none)   M=C:\DES\BUILD\FWH18\LIB\FIVEHX.LIB|REBAR ACBP=A9
 0001:0000A328 0000014D C=CODE    S=_TEXT    G=(none)   M=C:\DES\BUILD\FWH18\LIB\FIVEHX.LIB|RECT ACBP=A9
 0001:0000A478 000000ED C=CODE    S=_TEXT    G=(none)   M=C:\DES\BUILD\FWH18\LIB\FIVEHX.LIB|REG32 ACBP=A9
 0001:0000A568 00000348 C=CODE    S=_TEXT    G=(none)   M=C:\DES\BUILD\FWH18\LIB\FIVEHX.LIB|REPORT ACBP=A9
 0001:0000A8B0 000000BD C=CODE    S=_TEXT    G=(none)   M=C:\DES\BUILD\FWH18\LIB\FIVEHX.LIB|RFILE ACBP=A9
 0001:0000A970 00000105 C=CODE    S=_TEXT    G=(none)   M=C:\DES\BUILD\FWH18\LIB\FIVEHX.LIB|RGROUP ACBP=A9
 0001:0000AA78 00000105 C=CODE    S=_TEXT    G=(none)   M=C:\DES\BUILD\FWH18\LIB\FIVEHX.LIB|RLINE ACBP=A9
 0001:0000AB80 00000420 C=CODE    S=_TEXT    G=(none)   M=C:\DES\BUILD\FWH18\LIB\FIVEHX.LIB|RPREVIEW ACBP=A9
 0001:0000AFA0 00000165 C=CODE    S=_TEXT    G=(none)   M=C:\DES\BUILD\FWH18\LIB\FIVEHX.LIB|SAY ACBP=A9
 0001:0000B108 00000A98 C=CODE    S=_TEXT    G=(none)   M=C:\DES\BUILD\FWH18\LIB\FIVEHX.LIB|SCINTILA ACBP=A9
 0001:0000BBA0 0000011D C=CODE    S=_TEXT    G=(none)   M=C:\DES\BUILD\FWH18\LIB\FIVEHX.LIB|SCRLLBAR ACBP=A9
 0001:0000BCC0 00000270 C=CODE    S=_TEXT    G=(none)   M=C:\DES\BUILD\FWH18\LIB\FIVEHX.LIB|SCRLPANL ACBP=A9
 0001:0000BF30 000000ED C=CODE    S=_TEXT    G=(none)   M=C:\DES\BUILD\FWH18\LIB\FIVEHX.LIB|SHELLAPI ACBP=A9
 0001:0000C020 0000017D C=CODE    S=_TEXT    G=(none)   M=C:\DES\BUILD\FWH18\LIB\FIVEHX.LIB|STATUSBA ACBP=A9
 0001:0000C1A0 00000195 C=CODE    S=_TEXT    G=(none)   M=C:\DES\BUILD\FWH18\LIB\FIVEHX.LIB|STRINGS ACBP=A9
 0001:0000C338 000000ED C=CODE    S=_TEXT    G=(none)   M=C:\DES\BUILD\FWH18\LIB\FIVEHX.LIB|TACCTBL ACBP=A9
 0001:0000C428 0000008D C=CODE    S=_TEXT    G=(none)   M=C:\DES\BUILD\FWH18\LIB\FIVEHX.LIB|TCLIPGET ACBP=A9
 0001:0000C4B8 00000165 C=CODE    S=_TEXT    G=(none)   M=C:\DES\BUILD\FWH18\LIB\FIVEHX.LIB|TDTPICKE ACBP=A9
 0001:0000C620 00000195 C=CODE    S=_TEXT    G=(none)   M=C:\DES\BUILD\FWH18\LIB\FIVEHX.LIB|TFILE ACBP=A9
 0001:0000C7B8 00000678 C=CODE    S=_TEXT    G=(none)   M=C:\DES\BUILD\FWH18\LIB\FIVEHX.LIB|TGDIPLUS ACBP=A9
 0001:0000CE30 000005E8 C=CODE    S=_TEXT    G=(none)   M=C:\DES\BUILD\FWH18\LIB\FIVEHX.LIB|TGET ACBP=A9
 0001:0000D418 000000D5 C=CODE    S=_TEXT    G=(none)   M=C:\DES\BUILD\FWH18\LIB\FIVEHX.LIB|TIMAGLST ACBP=A9
 0001:0000D4F0 000000D5 C=CODE    S=_TEXT    G=(none)   M=C:\DES\BUILD\FWH18\LIB\FIVEHX.LIB|TIMER ACBP=A9
 0001:0000D5C8 00000210 C=CODE    S=_TEXT    G=(none)   M=C:\DES\BUILD\FWH18\LIB\FIVEHX.LIB|TLISTVIE ACBP=A9
 0001:0000D7D8 000000A5 C=CODE    S=_TEXT    G=(none)   M=C:\DES\BUILD\FWH18\LIB\FIVEHX.LIB|TMAIL ACBP=A9
 0001:0000D880 0000021F C=CODE    S=_TEXT    G=(none)   M=C:\DES\BUILD\FWH18\LIB\FIVEHX.LIB|TMETAFIL ACBP=A9
 0001:0000DAA0 00000168 C=CODE    S=_TEXT    G=(none)   M=C:\DES\BUILD\FWH18\LIB\FIVEHX.LIB|TMSGITEM ACBP=A9
 0001:0000DC08 00000165 C=CODE    S=_TEXT    G=(none)   M=C:\DES\BUILD\FWH18\LIB\FIVEHX.LIB|TOOLBAR ACBP=A9
 0001:0000DD70 000000D5 C=CODE    S=_TEXT    G=(none)   M=C:\DES\BUILD\FWH18\LIB\FIVEHX.LIB|TPANEL ACBP=A9
 0001:0000DE48 000003C0 C=CODE    S=_TEXT    G=(none)   M=C:\DES\BUILD\FWH18\LIB\FIVEHX.LIB|TRECSET ACBP=A9
 0001:0000E208 00000255 C=CODE    S=_TEXT    G=(none)   M=C:\DES\BUILD\FWH18\LIB\FIVEHX.LIB|TREEITEM ACBP=A9
 0001:0000E460 000000D5 C=CODE    S=_TEXT    G=(none)   M=C:\DES\BUILD\FWH18\LIB\FIVEHX.LIB|TREES ACBP=A9
 0001:0000E538 00000600 C=CODE    S=_TEXT    G=(none)   M=C:\DES\BUILD\FWH18\LIB\FIVEHX.LIB|TRICHEDI ACBP=A9
 0001:0000EB38 00000870 C=CODE    S=_TEXT    G=(none)   M=C:\DES\BUILD\FWH18\LIB\FIVEHX.LIB|TRICHED5 ACBP=A9
 0001:0000F3A8 00000105 C=CODE    S=_TEXT    G=(none)   M=C:\DES\BUILD\FWH18\LIB\FIVEHX.LIB|TSTRUCT ACBP=A9
 0001:0000F4B0 000001B0 C=CODE    S=_TEXT    G=(none)   M=C:\DES\BUILD\FWH18\LIB\FIVEHX.LIB|TSWITCH ACBP=A9
 0001:0000F660 0000017D C=CODE    S=_TEXT    G=(none)   M=C:\DES\BUILD\FWH18\LIB\FIVEHX.LIB|TTMPICKE ACBP=A9
 0001:0000F7E0 0000023D C=CODE    S=_TEXT    G=(none)   M=C:\DES\BUILD\FWH18\LIB\FIVEHX.LIB|TTREEVIE ACBP=A9
 0001:0000FA20 00000135 C=CODE    S=_TEXT    G=(none)   M=C:\DES\BUILD\FWH18\LIB\FIVEHX.LIB|TTVITEM ACBP=A9
 0001:0000FB58 000001AD C=CODE    S=_TEXT    G=(none)   M=C:\DES\BUILD\FWH18\LIB\FIVEHX.LIB|TTXTFILE ACBP=A9
 0001:0000FD08 0000017D C=CODE    S=_TEXT    G=(none)   M=C:\DES\BUILD\FWH18\LIB\FIVEHX.LIB|VALBLANK ACBP=A9
 0001:0000FE88 0000082A C=CODE    S=_TEXT    G=(none)   M=C:\DES\BUILD\FWH18\LIB\FIVEHX.LIB|VALTOSTR ACBP=A9
 0001:000106B4 0000014E C=CODE    S=_TEXT    G=(none)   M=C:\DES\BUILD\FWH18\LIB\FIVEHX.LIB|VALTOSTT ACBP=A9
 0001:00010804 00000C90 C=CODE    S=_TEXT    G=(none)   M=C:\DES\BUILD\FWH18\LIB\FIVEHX.LIB|WINDOW ACBP=A9
 0001:00011494 0000005D C=CODE    S=_TEXT    G=(none)   M=C:\DES\BUILD\FWH18\LIB\FIVEHX.LIB|WQOUT ACBP=A9
 0001:000114F4 00001CC8 C=CODE    S=_TEXT    G=(none)   M=C:\DES\BUILD\FWH18\LIB\FIVEHX.LIB|XBROWSE ACBP=A9
 0001:000131BC 00000108 C=CODE    S=_TEXT    G=(none)   M=C:\DES\BUILD\FWH18\LIB\FIVEHX.LIB|XBROWSER ACBP=A9
 0001:000132C4 0000088C C=CODE    S=_TEXT    G=(none)   M=C:\DES\BUILD\FWH18\LIB\FIVEHX.LIB|XIMAGE ACBP=A9
 0001:00013B50 000000ED C=CODE    S=_TEXT    G=(none)   M=C:\DES\BUILD\FWH18\LIB\FIVEHX.LIB|XMLVIEW ACBP=A9
 0001:00013C40 000000BD C=CODE    S=_TEXT    G=(none)   M=C:\DES\BUILD\FWH18\LIB\FIVEHX.LIB|XPAD ACBP=A9
 0001:00013D00 0000007D C=CODE    S=_TEXT    G=(none)   M=C:\DES\BUILD\FWH18\LIB\FIVEHC.LIB|__WNDPRO ACBP=A9
 0001:00013D80 00000157 C=CODE    S=_TEXT    G=(none)   M=C:\DES\BUILD\FWH18\LIB\FIVEHC.LIB|BMPREAD ACBP=A9
 0001:00013ED8 0000018F C=CODE    S=_TEXT    G=(none)   M=C:\DES\BUILD\FWH18\LIB\FIVEHC.LIB|FFDLGPRC ACBP=A9
 0001:00014068 00000184 C=CODE    S=_TEXT    G=(none)   M=C:\DES\BUILD\FWH18\LIB\FIVEHC.LIB|FFWNDRUN ACBP=A9
 0001:000141EC 0000025E C=CODE    S=_TEXT    G=(none)   M=C:\DES\BUILD\FWH18\LIB\FIVEHC.LIB|HARBOURC ACBP=A9
 0001:0001444C 000000D5 C=CODE    S=_TEXT    G=(none)   M=C:\DES\BUILD\FWH18\LIB\FIVEHC.LIB|REBARS ACBP=A9
 0001:00014524 00000212 C=CODE    S=_TEXT    G=(none)   M=C:\DES\BUILD\FWH18\LIB\FIVEHC.LIB|SYSREFRE ACBP=A9
 0001:00014738 000003B6 C=CODE    S=_TEXT    G=(none)   M=C:\DES\BUILD\FWH18\LIB\FIVEHC.LIB|TOOLBARS ACBP=A9
 0001:00014AF0 00000228 C=CODE    S=_TEXT    G=(none)   M=C:\DES\BUILD\FWH18\LIB\FIVEHC.LIB|WNDRUN ACBP=A9
 0001:00014D18 00000098 C=CODE    S=_TEXT    G=(none)   M=C:\DES\BUILD\FWH18\LIB\FIVEHC.LIB|XPROC ACBP=A9
 0001:00014DB0 00000461 C=CODE    S=_TEXT    G=(none)   M=C:\DES\BUILD\FWH18\LIB\FIVEHC.LIB|DLGBOX ACBP=A9
 0001:00015214 00001734 C=CODE    S=_TEXT    G=(none)   M=C:\DES\BUILD\FWH18\LIB\FIVEHC.LIB|CTLHDLEH ACBP=A9
 0001:00016948 000016F8 C=CODE    S=_TEXT    G=(none)   M=C:\DES\BUILD\FWH18\LIB\FIVEHC.LIB|ACTX ACBP=A9
 0001:00018040 00005A74 C=CODE    S=_TEXT    G=(none)   M=C:\DES\BUILD\FWH18\LIB\FIVEHC.LIB|GDIPFWH ACBP=A9
 0001:0001DAB4 00005EF2 C=CODE    S=_TEXT    G=(none)   M=C:\DES\BUILD\FWH18\LIB\FIVEHC.LIB|GDIPLUS ACBP=A9
 0001:00023984 000000D7 C=CODE    S=_TEXT    G=(none)   M=C:\DES\BUILD\FWH18\LIB\FIVEHC.LIB|AAT ACBP=A9
 0001:00023A5C 000001B4 C=CODE    S=_TEXT    G=(none)   M=C:\DES\BUILD\FWH18\LIB\FIVEHC.LIB|ACCELERA ACBP=A9
 0001:00023C10 00000071 C=CODE    S=_TEXT    G=(none)   M=C:\DES\BUILD\FWH18\LIB\FIVEHC.LIB|ATOM ACBP=A9
 0001:00023C84 00000391 C=CODE    S=_TEXT    G=(none)   M=C:\DES\BUILD\FWH18\LIB\FIVEHC.LIB|BARTOOLS ACBP=A9
 0001:00024018 00000544 C=CODE    S=_TEXT    G=(none)   M=C:\DES\BUILD\FWH18\LIB\FIVEHC.LIB|BITMAPS ACBP=A9
 0001:0002455C 00000F40 C=CODE    S=_TEXT    G=(none)   M=C:\DES\BUILD\FWH18\LIB\FIVEHC.LIB|BMPDRAW ACBP=A9
 0001:0002549C 0000012F C=CODE    S=_TEXT    G=(none)   M=C:\DES\BUILD\FWH18\LIB\FIVEHC.LIB|BMPS ACBP=A9
 0001:000255CC 00001AAF C=CODE    S=_TEXT    G=(none)   M=C:\DES\BUILD\FWH18\LIB\FIVEHC.LIB|BRUSHES ACBP=A9
 0001:0002707C 000047BB C=CODE    S=_TEXT    G=(none)   M=C:\DES\BUILD\FWH18\LIB\FIVEHC.LIB|C5CNEW ACBP=A9
 0001:0002B838 000001CC C=CODE    S=_TEXT    G=(none)   M=C:\DES\BUILD\FWH18\LIB\FIVEHC.LIB|CALDLL32 ACBP=A9
 0001:0002BA04 0000056B C=CODE    S=_TEXT    G=(none)   M=C:\DES\BUILD\FWH18\LIB\FIVEHC.LIB|CALLDLL ACBP=A9
 0001:0002BF70 000000B3 C=CODE    S=_TEXT    G=(none)   M=C:\DES\BUILD\FWH18\LIB\FIVEHC.LIB|CARET ACBP=A9
 0001:0002C024 00000068 C=CODE    S=_TEXT    G=(none)   M=C:\DES\BUILD\FWH18\LIB\FIVEHC.LIB|CHANGEPR ACBP=A9
 0001:0002C08C 000002B0 C=CODE    S=_TEXT    G=(none)   M=C:\DES\BUILD\FWH18\LIB\FIVEHC.LIB|CLPBRD ACBP=A9
 0001:0002C33C 0000012E C=CODE    S=_TEXT    G=(none)   M=C:\DES\BUILD\FWH18\LIB\FIVEHC.LIB|CLRCHOOS ACBP=A9
 0001:0002C46C 00000104 C=CODE    S=_TEXT    G=(none)   M=C:\DES\BUILD\FWH18\LIB\FIVEHC.LIB|CLT2SCR ACBP=A9
 0001:0002C570 000002B5 C=CODE    S=_TEXT    G=(none)   M=C:\DES\BUILD\FWH18\LIB\FIVEHC.LIB|CODEGTF ACBP=A9
 0001:0002C828 00000914 C=CODE    S=_TEXT    G=(none)   M=C:\DES\BUILD\FWH18\LIB\FIVEHC.LIB|COLOR ACBP=A9
 0001:0002D13C 00000373 C=CODE    S=_TEXT    G=(none)   M=C:\DES\BUILD\FWH18\LIB\FIVEHC.LIB|COLORTON ACBP=A9
 0001:0002D4B0 0000002C C=CODE    S=_TEXT    G=(none)   M=C:\DES\BUILD\FWH18\LIB\FIVEHC.LIB|CREATEPA ACBP=A9
 0001:0002D4DC 0000002C C=CODE    S=_TEXT    G=(none)   M=C:\DES\BUILD\FWH18\LIB\FIVEHC.LIB|CREATEPE ACBP=A9
 0001:0002D508 00000096 C=CODE    S=_TEXT    G=(none)   M=C:\DES\BUILD\FWH18\LIB\FIVEHC.LIB|CREATESO ACBP=A9
 0001:0002D5A0 000000BF C=CODE    S=_TEXT    G=(none)   M=C:\DES\BUILD\FWH18\LIB\FIVEHC.LIB|CREATWND ACBP=A9
 0001:0002D660 000002FE C=CODE    S=_TEXT    G=(none)   M=C:\DES\BUILD\FWH18\LIB\FIVEHC.LIB|CTL3D ACBP=A9
 0001:0002D960 000001E4 C=CODE    S=_TEXT    G=(none)   M=C:\DES\BUILD\FWH18\LIB\FIVEHC.LIB|CTRL2CHR ACBP=A9
 0001:0002DB44 00000775 C=CODE    S=_TEXT    G=(none)   M=C:\DES\BUILD\FWH18\LIB\FIVEHC.LIB|CTRLDRAW ACBP=A9
 0001:0002E2BC 00000ACC C=CODE    S=_TEXT    G=(none)   M=C:\DES\BUILD\FWH18\LIB\FIVEHC.LIB|CURSORS ACBP=A9
 0001:0002ED88 00000113 C=CODE    S=_TEXT    G=(none)   M=C:\DES\BUILD\FWH18\LIB\FIVEHC.LIB|DATEPICK ACBP=A9
 0001:0002EE9C 0000072E C=CODE    S=_TEXT    G=(none)   M=C:\DES\BUILD\FWH18\LIB\FIVEHC.LIB|DC ACBP=A9
 0001:0002F5CC 0000007A C=CODE    S=_TEXT    G=(none)   M=C:\DES\BUILD\FWH18\LIB\FIVEHC.LIB|DDEXC ACBP=A9
 0001:0002F648 00000070 C=CODE    S=_TEXT    G=(none)   M=C:\DES\BUILD\FWH18\LIB\FIVEHC.LIB|DELOBJEC ACBP=A9
 0001:0002F6B8 000000A1 C=CODE    S=_TEXT    G=(none)   M=C:\DES\BUILD\FWH18\LIB\FIVEHC.LIB|DESKTOP ACBP=A9
 0001:0002F75C 0000021D C=CODE    S=_TEXT    G=(none)   M=C:\DES\BUILD\FWH18\LIB\FIVEHC.LIB|DEVICE ACBP=A9
 0001:0002F97C 00000558 C=CODE    S=_TEXT    G=(none)   M=C:\DES\BUILD\FWH18\LIB\FIVEHC.LIB|DIB ACBP=A9
 0001:0002FED4 000003C9 C=CODE    S=_TEXT    G=(none)   M=C:\DES\BUILD\FWH18\LIB\FIVEHC.LIB|DIBBMP ACBP=A9
 0001:000302A0 000001E0 C=CODE    S=_TEXT    G=(none)   M=C:\DES\BUILD\FWH18\LIB\FIVEHC.LIB|DLG2CHR ACBP=A9
 0001:00030480 00000034 C=CODE    S=_TEXT    G=(none)   M=C:\DES\BUILD\FWH18\LIB\FIVEHC.LIB|DLL ACBP=A9
 0001:000304B4 000002E3 C=CODE    S=_TEXT    G=(none)   M=C:\DES\BUILD\FWH18\LIB\FIVEHC.LIB|DLOGBOX ACBP=A9
 0001:00030798 000002B5 C=CODE    S=_TEXT    G=(none)   M=C:\DES\BUILD\FWH18\LIB\FIVEHC.LIB|DOTS ACBP=A9
 0001:00030A50 00000661 C=CODE    S=_TEXT    G=(none)   M=C:\DES\BUILD\FWH18\LIB\FIVEHC.LIB|DRAWING ACBP=A9
 0001:000310B4 00000106 C=CODE    S=_TEXT    G=(none)   M=C:\DES\BUILD\FWH18\LIB\FIVEHC.LIB|DRAWITEM ACBP=A9
 0001:000311BC 000000D8 C=CODE    S=_TEXT    G=(none)   M=C:\DES\BUILD\FWH18\LIB\FIVEHC.LIB|DRIVES ACBP=A9
 0001:00031294 000000E8 C=CODE    S=_TEXT    G=(none)   M=C:\DES\BUILD\FWH18\LIB\FIVEHC.LIB|DROPFILE ACBP=A9
 0001:0003137C 0000025C C=CODE    S=_TEXT    G=(none)   M=C:\DES\BUILD\FWH18\LIB\FIVEHC.LIB|FGETCLIP ACBP=A9
 0001:000315D8 00001395 C=CODE    S=_TEXT    G=(none)   M=C:\DES\BUILD\FWH18\LIB\FIVEHC.LIB|FGETLINE ACBP=A9
 0001:00032970 000000A9 C=CODE    S=_TEXT    G=(none)   M=C:\DES\BUILD\FWH18\LIB\FIVEHC.LIB|FINDTEXT ACBP=A9
 0001:00032A1C 00000BD2 C=CODE    S=_TEXT    G=(none)   M=C:\DES\BUILD\FWH18\LIB\FIVEHC.LIB|FONTS ACBP=A9
 0001:000335F0 000002DF C=CODE    S=_TEXT    G=(none)   M=C:\DES\BUILD\FWH18\LIB\FIVEHC.LIB|FTEXT ACBP=A9
 0001:000338D0 00000556 C=CODE    S=_TEXT    G=(none)   M=C:\DES\BUILD\FWH18\LIB\FIVEHC.LIB|FWARRAY ACBP=A9
 0001:00033E28 00001B69 C=CODE    S=_TEXT    G=(none)   M=C:\DES\BUILD\FWH18\LIB\FIVEHC.LIB|FWBMP ACBP=A9
 0001:00035994 000002DA C=CODE    S=_TEXT    G=(none)   M=C:\DES\BUILD\FWH18\LIB\FIVEHC.LIB|FWPALCTL ACBP=A9
 0001:00035C70 000001E1 C=CODE    S=_TEXT    G=(none)   M=C:\DES\BUILD\FWH18\LIB\FIVEHC.LIB|FWSTR ACBP=A9
 0001:00035E54 00000298 C=CODE    S=_TEXT    G=(none)   M=C:\DES\BUILD\FWH18\LIB\FIVEHC.LIB|GETDIR ACBP=A9
 0001:000360EC 0000006C C=CODE    S=_TEXT    G=(none)   M=C:\DES\BUILD\FWH18\LIB\FIVEHC.LIB|GETDLGIT ACBP=A9
 0001:00036158 00000844 C=CODE    S=_TEXT    G=(none)   M=C:\DES\BUILD\FWH18\LIB\FIVEHC.LIB|GETFILE ACBP=A9
 0001:0003699C 000000DF C=CODE    S=_TEXT    G=(none)   M=C:\DES\BUILD\FWH18\LIB\FIVEHC.LIB|GETPROCA ACBP=A9
 0001:00036A7C 0000005E C=CODE    S=_TEXT    G=(none)   M=C:\DES\BUILD\FWH18\LIB\FIVEHC.LIB|GETSTKOB ACBP=A9
 0001:00036ADC 0000027B C=CODE    S=_TEXT    G=(none)   M=C:\DES\BUILD\FWH18\LIB\FIVEHC.LIB|GETTEXT ACBP=A9
 0001:00036D58 0000018B C=CODE    S=_TEXT    G=(none)   M=C:\DES\BUILD\FWH18\LIB\FIVEHC.LIB|GETTEXTW ACBP=A9
 0001:00036EE4 000000C4 C=CODE    S=_TEXT    G=(none)   M=C:\DES\BUILD\FWH18\LIB\FIVEHC.LIB|GETWND ACBP=A9
 0001:00036FA8 000004AA C=CODE    S=_TEXT    G=(none)   M=C:\DES\BUILD\FWH18\LIB\FIVEHC.LIB|HANDLIST ACBP=A9
 0001:00037454 0000026E C=CODE    S=_TEXT    G=(none)   M=C:\DES\BUILD\FWH18\LIB\FIVEHC.LIB|HELP ACBP=A9
 0001:000376C4 000000EA C=CODE    S=_TEXT    G=(none)   M=C:\DES\BUILD\FWH18\LIB\FIVEHC.LIB|HEX2DEC ACBP=A9
 0001:000377B0 000000D4 C=CODE    S=_TEXT    G=(none)   M=C:\DES\BUILD\FWH18\LIB\FIVEHC.LIB|HILOWORD ACBP=A9
 0001:00037884 00000CA2 C=CODE    S=_TEXT    G=(none)   M=C:\DES\BUILD\FWH18\LIB\FIVEHC.LIB|ICONS ACBP=A9
 0001:00038528 000001FF C=CODE    S=_TEXT    G=(none)   M=C:\DES\BUILD\FWH18\LIB\FIVEHC.LIB|IMAGELIS ACBP=A9
 0001:00038728 00000119 C=CODE    S=_TEXT    G=(none)   M=C:\DES\BUILD\FWH18\LIB\FIVEHC.LIB|INSTANCE ACBP=A9
 0001:00038844 000001F9 C=CODE    S=_TEXT    G=(none)   M=C:\DES\BUILD\FWH18\LIB\FIVEHC.LIB|KEYBRD ACBP=A9
 0001:00038A40 00000123 C=CODE    S=_TEXT    G=(none)   M=C:\DES\BUILD\FWH18\LIB\FIVEHC.LIB|LBX ACBP=A9
 0001:00038B64 00000526 C=CODE    S=_TEXT    G=(none)   M=C:\DES\BUILD\FWH18\LIB\FIVEHC.LIB|LISTVIEW ACBP=A9
 0001:0003908C 000000B1 C=CODE    S=_TEXT    G=(none)   M=C:\DES\BUILD\FWH18\LIB\FIVEHC.LIB|LOADBMP ACBP=A9
 0001:00039140 00000034 C=CODE    S=_TEXT    G=(none)   M=C:\DES\BUILD\FWH18\LIB\FIVEHC.LIB|MAKELONG ACBP=A9
 0001:00039174 00000F19 C=CODE    S=_TEXT    G=(none)   M=C:\DES\BUILD\FWH18\LIB\FIVEHC.LIB|MAPI ACBP=A9
 0001:0003A090 00000240 C=CODE    S=_TEXT    G=(none)   M=C:\DES\BUILD\FWH18\LIB\FIVEHC.LIB|MDI ACBP=A9
 0001:0003A2D0 000001BE C=CODE    S=_TEXT    G=(none)   M=C:\DES\BUILD\FWH18\LIB\FIVEHC.LIB|MEM ACBP=A9
 0001:0003A490 00002DAF C=CODE    S=_TEXT    G=(none)   M=C:\DES\BUILD\FWH18\LIB\FIVEHC.LIB|MENUDRAW ACBP=A9
 0001:0003D240 00000855 C=CODE    S=_TEXT    G=(none)   M=C:\DES\BUILD\FWH18\LIB\FIVEHC.LIB|MENUS ACBP=A9
 0001:0003DA98 000002B8 C=CODE    S=_TEXT    G=(none)   M=C:\DES\BUILD\FWH18\LIB\FIVEHC.LIB|METAFI32 ACBP=A9
 0001:0003DD50 0000032E C=CODE    S=_TEXT    G=(none)   M=C:\DES\BUILD\FWH18\LIB\FIVEHC.LIB|METAFILE ACBP=A9
 0001:0003E080 00000181 C=CODE    S=_TEXT    G=(none)   M=C:\DES\BUILD\FWH18\LIB\FIVEHC.LIB|MGETCREA ACBP=A9
 0001:0003E204 00000293 C=CODE    S=_TEXT    G=(none)   M=C:\DES\BUILD\FWH18\LIB\FIVEHC.LIB|MKDIR ACBP=A9
 0001:0003E498 00000069 C=CODE    S=_TEXT    G=(none)   M=C:\DES\BUILD\FWH18\LIB\FIVEHC.LIB|MOVETO ACBP=A9
 0001:0003E504 0000001F C=CODE    S=_TEXT    G=(none)   M=C:\DES\BUILD\FWH18\LIB\FIVEHC.LIB|MSGBEEP ACBP=A9
 0001:0003E524 000005D7 C=CODE    S=_TEXT    G=(none)   M=C:\DES\BUILD\FWH18\LIB\FIVEHC.LIB|MSGS ACBP=A9
 0001:0003EAFC 000003B6 C=CODE    S=_TEXT    G=(none)   M=C:\DES\BUILD\FWH18\LIB\FIVEHC.LIB|MSGSAPI ACBP=A9
 0001:0003EEB4 0000040C C=CODE    S=_TEXT    G=(none)   M=C:\DES\BUILD\FWH18\LIB\FIVEHC.LIB|MSGTOOLS ACBP=A9
 0001:0003F2C0 00000A02 C=CODE    S=_TEXT    G=(none)   M=C:\DES\BUILD\FWH18\LIB\FIVEHC.LIB|NONCLIENT ACBP=A9
 0001:0003FCC4 0000006D C=CODE    S=_TEXT    G=(none)   M=C:\DES\BUILD\FWH18\LIB\FIVEHC.LIB|NOTIFY ACBP=A9
 0001:0003FD34 000001D5 C=CODE    S=_TEXT    G=(none)   M=C:\DES\BUILD\FWH18\LIB\FIVEHC.LIB|OEMANSI ACBP=A9
 0001:0003FF0C 00000079 C=CODE    S=_TEXT    G=(none)   M=C:\DES\BUILD\FWH18\LIB\FIVEHC.LIB|ONOFFBMP ACBP=A9
 0001:0003FF88 000001EF C=CODE    S=_TEXT    G=(none)   M=C:\DES\BUILD\FWH18\LIB\FIVEHC.LIB|OR ACBP=A9
 0001:00040178 00000058 C=CODE    S=_TEXT    G=(none)   M=C:\DES\BUILD\FWH18\LIB\FIVEHC.LIB|PAINT ACBP=A9
 0001:000401D0 0000005C C=CODE    S=_TEXT    G=(none)   M=C:\DES\BUILD\FWH18\LIB\FIVEHC.LIB|PEEKMSG ACBP=A9
 0001:0004022C 00000C84 C=CODE    S=_TEXT    G=(none)   M=C:\DES\BUILD\FWH18\LIB\FIVEHC.LIB|PRINTDC ACBP=A9
 0001:00040EB0 00000215 C=CODE    S=_TEXT    G=(none)   M=C:\DES\BUILD\FWH18\LIB\FIVEHC.LIB|PROFILE ACBP=A9
 0001:000410C8 0000074F C=CODE    S=_TEXT    G=(none)   M=C:\DES\BUILD\FWH18\LIB\FIVEHC.LIB|RECTS ACBP=A9
 0001:00041818 0000010D C=CODE    S=_TEXT    G=(none)   M=C:\DES\BUILD\FWH18\LIB\FIVEHC.LIB|REGCLASS ACBP=A9
 0001:00041928 00000391 C=CODE    S=_TEXT    G=(none)   M=C:\DES\BUILD\FWH18\LIB\FIVEHC.LIB|REGEDIT ACBP=A9
 0001:00041CBC 0000039C C=CODE    S=_TEXT    G=(none)   M=C:\DES\BUILD\FWH18\LIB\FIVEHC.LIB|REGIONS ACBP=A9
 0001:00042058 000002B5 C=CODE    S=_TEXT    G=(none)   M=C:\DES\BUILD\FWH18\LIB\FIVEHC.LIB|RESOURCE ACBP=A9
 0001:00042310 00001A15 C=CODE    S=_TEXT    G=(none)   M=C:\DES\BUILD\FWH18\LIB\FIVEHC.LIB|RIBBON ACBP=A9
 0001:00043D28 0000212C C=CODE    S=_TEXT    G=(none)   M=C:\DES\BUILD\FWH18\LIB\FIVEHC.LIB|RICHEDIT ACBP=A9
 0001:00045E54 0000365E C=CODE    S=_TEXT    G=(none)   M=C:\DES\BUILD\FWH18\LIB\FIVEHC.LIB|RICHEDI5 ACBP=A9
 0001:000494B4 000003CA C=CODE    S=_TEXT    G=(none)   M=C:\DES\BUILD\FWH18\LIB\FIVEHC.LIB|SAVEICON ACBP=A9
 0001:00049880 00000A59 C=CODE    S=_TEXT    G=(none)   M=C:\DES\BUILD\FWH18\LIB\FIVEHC.LIB|SCINTILC ACBP=A9
 0001:0004A2DC 000001EC C=CODE    S=_TEXT    G=(none)   M=C:\DES\BUILD\FWH18\LIB\FIVEHC.LIB|SCROLL ACBP=A9
 0001:0004A4C8 00000023 C=CODE    S=_TEXT    G=(none)   M=C:\DES\BUILD\FWH18\LIB\FIVEHC.LIB|SELOBJEC ACBP=A9
 0001:0004A4EC 00000057 C=CODE    S=_TEXT    G=(none)   M=C:\DES\BUILD\FWH18\LIB\FIVEHC.LIB|SETMAPMO ACBP=A9
 0001:0004A544 0000005B C=CODE    S=_TEXT    G=(none)   M=C:\DES\BUILD\FWH18\LIB\FIVEHC.LIB|SETTEXT ACBP=A9
 0001:0004A5A0 000002CC C=CODE    S=_TEXT    G=(none)   M=C:\DES\BUILD\FWH18\LIB\FIVEHC.LIB|STRTOKEN ACBP=A9
 0001:0004A86C 000002B1 C=CODE    S=_TEXT    G=(none)   M=C:\DES\BUILD\FWH18\LIB\FIVEHC.LIB|TABCTRL ACBP=A9
 0001:0004AB20 000002DB C=CODE    S=_TEXT    G=(none)   M=C:\DES\BUILD\FWH18\LIB\FIVEHC.LIB|TABCTRLW ACBP=A9
 0001:0004ADFC 00000A11 C=CODE    S=_TEXT    G=(none)   M=C:\DES\BUILD\FWH18\LIB\FIVEHC.LIB|TEXT ACBP=A9
 0001:0004B810 00001062 C=CODE    S=_TEXT    G=(none)   M=C:\DES\BUILD\FWH18\LIB\FIVEHC.LIB|THEMES ACBP=A9
 0001:0004C874 000000CB C=CODE    S=_TEXT    G=(none)   M=C:\DES\BUILD\FWH18\LIB\FIVEHC.LIB|TIMEPICK ACBP=A9
 0001:0004C940 00000069 C=CODE    S=_TEXT    G=(none)   M=C:\DES\BUILD\FWH18\LIB\FIVEHC.LIB|TIMERS ACBP=A9
 0001:0004C9AC 00000346 C=CODE    S=_TEXT    G=(none)   M=C:\DES\BUILD\FWH18\LIB\FIVEHC.LIB|TOOLTIPW ACBP=A9
 0001:0004CCF4 00000240 C=CODE    S=_TEXT    G=(none)   M=C:\DES\BUILD\FWH18\LIB\FIVEHC.LIB|TOOLTIPA ACBP=A9
 0001:0004CF34 000002DE C=CODE    S=_TEXT    G=(none)   M=C:\DES\BUILD\FWH18\LIB\FIVEHC.LIB|TOUCH ACBP=A9
 0001:0004D214 00000551 C=CODE    S=_TEXT    G=(none)   M=C:\DES\BUILD\FWH18\LIB\FIVEHC.LIB|TREEVIEW ACBP=A9
 0001:0004D768 00001261 C=CODE    S=_TEXT    G=(none)   M=C:\DES\BUILD\FWH18\LIB\FIVEHC.LIB|UNICODE ACBP=A9
 0001:0004E9CC 00000035 C=CODE    S=_TEXT    G=(none)   M=C:\DES\BUILD\FWH18\LIB\FIVEHC.LIB|WIN2000 ACBP=A9
 0001:0004EA04 000001B6 C=CODE    S=_TEXT    G=(none)   M=C:\DES\BUILD\FWH18\LIB\FIVEHC.LIB|WINDOWS ACBP=A9
 0001:0004EBBC 0000021C C=CODE    S=_TEXT    G=(none)   M=C:\DES\BUILD\FWH18\LIB\FIVEHC.LIB|WINEXEC ACBP=A9
 0001:0004EDD8 000000A9 C=CODE    S=_TEXT    G=(none)   M=C:\DES\BUILD\FWH18\LIB\FIVEHC.LIB|WMOUSE ACBP=A9
 0001:0004EE84 00000760 C=CODE    S=_TEXT    G=(none)   M=C:\DES\BUILD\FWH18\LIB\FIVEHC.LIB|WNDBOXES ACBP=A9
 0001:0004F5E4 00000250 C=CODE    S=_TEXT    G=(none)   M=C:\DES\BUILD\FWH18\LIB\FIVEHC.LIB|WNDCENTE ACBP=A9
 0001:0004F834 00000033 C=CODE    S=_TEXT    G=(none)   M=C:\DES\BUILD\FWH18\LIB\FIVEHC.LIB|WNDDESTR ACBP=A9
 0001:0004F868 000005CF C=CODE    S=_TEXT    G=(none)   M=C:\DES\BUILD\FWH18\LIB\FIVEHC.LIB|WNDIS ACBP=A9
 0001:0004FE38 0000007B C=CODE    S=_TEXT    G=(none)   M=C:\DES\BUILD\FWH18\LIB\FIVEHC.LIB|WNDISOVE ACBP=A9
 0001:0004FEB4 00000B95 C=CODE    S=_TEXT    G=(none)   M=C:\DES\BUILD\FWH18\LIB\FIVEHC.LIB|WNDMOVE ACBP=A9
 0001:00050A4C 00000050 C=CODE    S=_TEXT    G=(none)   M=C:\DES\BUILD\FWH18\LIB\FIVEHC.LIB|WNDPOS ACBP=A9
 0001:00050A9C 000001BA C=CODE    S=_TEXT    G=(none)   M=C:\DES\BUILD\FWH18\LIB\FIVEHC.LIB|WNDPRINT ACBP=A9
 0001:00050C58 0000039C C=CODE    S=_TEXT    G=(none)   M=C:\DES\BUILD\FWH18\LIB\FIVEHC.LIB|WNDSAY ACBP=A9
 0001:00050FF4 00000270 C=CODE    S=_TEXT    G=(none)   M=C:\DES\BUILD\FWH18\LIB\FIVEHC.LIB|WNDSCROL ACBP=A9
 0001:00051264 0000003B C=CODE    S=_TEXT    G=(none)   M=C:\DES\BUILD\FWH18\LIB\FIVEHC.LIB|WNDUPDAT ACBP=A9
 0001:000512A0 0000029A C=CODE    S=_TEXT    G=(none)   M=C:\DES\BUILD\FWH18\LIB\FIVEHC.LIB|XBROWSEC ACBP=A9
 0001:0005153C 000001BC C=CODE    S=_TEXT    G=(none)   M=C:\DES\BUILD\XHB18\LIB\RTL.LIB|abs ACBP=A9
 0001:000516F8 0000048F C=CODE    S=_TEXT    G=(none)   M=C:\DES\BUILD\XHB18\LIB\RTL.LIB|at ACBP=A9
 0001:00051B88 00000130 C=CODE    S=_TEXT    G=(none)   M=C:\DES\BUILD\XHB18\LIB\RTL.LIB|binnum ACBP=A9
 0001:00051CB8 00000161 C=CODE    S=_TEXT    G=(none)   M=C:\DES\BUILD\XHB18\LIB\RTL.LIB|binnumx ACBP=A9
 0001:00051E1C 000025C6 C=CODE    S=_TEXT    G=(none)   M=C:\DES\BUILD\XHB18\LIB\RTL.LIB|cdpapi ACBP=A9
 0001:000543E4 000000AF C=CODE    S=_TEXT    G=(none)   M=C:\DES\BUILD\XHB18\LIB\RTL.LIB|chrasc ACBP=A9
 0001:00054494 000000D5 C=CODE    S=_TEXT    G=(none)   M=C:\DES\BUILD\XHB18\LIB\RTL.LIB|colorind ACBP=A9
 0001:0005456C 00000B75 C=CODE    S=_TEXT    G=(none)   M=C:\DES\BUILD\XHB18\LIB\RTL.LIB|console ACBP=A9
 0001:000550E4 00000167 C=CODE    S=_TEXT    G=(none)   M=C:\DES\BUILD\XHB18\LIB\RTL.LIB|datec ACBP=A9
 0001:0005524C 000011E7 C=CODE    S=_TEXT    G=(none)   M=C:\DES\BUILD\XHB18\LIB\RTL.LIB|dateshb ACBP=A9
 0001:00056434 0000054A C=CODE    S=_TEXT    G=(none)   M=C:\DES\BUILD\XHB18\LIB\RTL.LIB|dirdrive ACBP=A9
 0001:00056980 000007FC C=CODE    S=_TEXT    G=(none)   M=C:\DES\BUILD\XHB18\LIB\RTL.LIB|direct ACBP=A9
 0001:0005717C 00000254 C=CODE    S=_TEXT    G=(none)   M=C:\DES\BUILD\XHB18\LIB\RTL.LIB|empty ACBP=A9
 0001:000573D0 00000154 C=CODE    S=_TEXT    G=(none)   M=C:\DES\BUILD\XHB18\LIB\RTL.LIB|file ACBP=A9
 0001:00057524 00000C39 C=CODE    S=_TEXT    G=(none)   M=C:\DES\BUILD\XHB18\LIB\RTL.LIB|filebuf ACBP=A9
 0001:00058160 00000074 C=CODE    S=_TEXT    G=(none)   M=C:\DES\BUILD\XHB18\LIB\RTL.LIB|filehb ACBP=A9
 0001:000581D4 00001DA2 C=CODE    S=_TEXT    G=(none)   M=C:\DES\BUILD\XHB18\LIB\RTL.LIB|filesys ACBP=A9
 0001:00059F78 000000D5 C=CODE    S=_TEXT    G=(none)   M=C:\DES\BUILD\XHB18\LIB\RTL.LIB|fserror ACBP=A9
 0001:0005A050 000000D0 C=CODE    S=_TEXT    G=(none)   M=C:\DES\BUILD\XHB18\LIB\RTL.LIB|fnsplit ACBP=A9
 0001:0005A120 00000996 C=CODE    S=_TEXT    G=(none)   M=C:\DES\BUILD\XHB18\LIB\RTL.LIB|fparse ACBP=A9
 0001:0005AAB8 00000107 C=CODE    S=_TEXT    G=(none)   M=C:\DES\BUILD\XHB18\LIB\RTL.LIB|fssize ACBP=A9
 0001:0005ABC0 000003EF C=CODE    S=_TEXT    G=(none)   M=C:\DES\BUILD\XHB18\LIB\RTL.LIB|fstemp ACBP=A9
 0001:0005AFB0 00000116 C=CODE    S=_TEXT    G=(none)   M=C:\DES\BUILD\XHB18\LIB\RTL.LIB|gete ACBP=A9
 0001:0005B0C8 00000028 C=CODE    S=_TEXT    G=(none)   M=C:\DES\BUILD\XHB18\LIB\RTL.LIB|gt ACBP=A9
 0001:0005B0F0 00000F46 C=CODE    S=_TEXT    G=(none)   M=C:\DES\BUILD\XHB18\LIB\RTL.LIB|gtapi ACBP=A9
 0001:0005C038 000002B7 C=CODE    S=_TEXT    G=(none)   M=C:\DES\BUILD\XHB18\LIB\RTL.LIB|gtclip ACBP=A9
 0001:0005C2F0 00000001 C=CODE    S=_TEXT    G=(none)   M=C:\DES\BUILD\XHB18\LIB\RTL.LIB|gtsys ACBP=A9
 0001:0005C2F4 00000496 C=CODE    S=_TEXT    G=(none)   M=C:\DES\BUILD\XHB18\LIB\RTL.LIB|hbbitf ACBP=A9
 0001:0005C78C 000007F7 C=CODE    S=_TEXT    G=(none)   M=C:\DES\BUILD\XHB18\LIB\RTL.LIB|hbserv ACBP=A9
 0001:0005CF84 0000087D C=CODE    S=_TEXT    G=(none)   M=C:\DES\BUILD\XHB18\LIB\RTL.LIB|hbffind ACBP=A9
 0001:0005D804 00003D71 C=CODE    S=_TEXT    G=(none)   M=C:\DES\BUILD\XHB18\LIB\RTL.LIB|hbgtcore ACBP=A9
 0001:00061578 00000489 C=CODE    S=_TEXT    G=(none)   M=C:\DES\BUILD\XHB18\LIB\RTL.LIB|hbhex2n ACBP=A9
 0001:00061A04 00000FB2 C=CODE    S=_TEXT    G=(none)   M=C:\DES\BUILD\XHB18\LIB\RTL.LIB|hbjson ACBP=A9
 0001:000629B8 000001B2 C=CODE    S=_TEXT    G=(none)   M=C:\DES\BUILD\XHB18\LIB\RTL.LIB|hbntos ACBP=A9
 0001:00062B6C 000002DC C=CODE    S=_TEXT    G=(none)   M=C:\DES\BUILD\XHB18\LIB\RTL.LIB|hbrandom ACBP=A9
 0001:00062E48 0000062A C=CODE    S=_TEXT    G=(none)   M=C:\DES\BUILD\XHB18\LIB\RTL.LIB|hbtoken ACBP=A9
 0001:00063474 00002FE9 C=CODE    S=_TEXT    G=(none)   M=C:\DES\BUILD\XHB18\LIB\RTL.LIB|hbxml ACBP=A9
 0001:00066460 0000047E C=CODE    S=_TEXT    G=(none)   M=C:\DES\BUILD\XHB18\LIB\RTL.LIB|idle ACBP=A9
 0001:000668E0 00000487 C=CODE    S=_TEXT    G=(none)   M=C:\DES\BUILD\XHB18\LIB\RTL.LIB|inkey ACBP=A9
 0001:00066D68 00000119 C=CODE    S=_TEXT    G=(none)   M=C:\DES\BUILD\XHB18\LIB\RTL.LIB|inkeyapi ACBP=A9
 0001:00066E84 0000049E C=CODE    S=_TEXT    G=(none)   M=C:\DES\BUILD\XHB18\LIB\RTL.LIB|is ACBP=A9
 0001:00067324 0000029F C=CODE    S=_TEXT    G=(none)   M=C:\DES\BUILD\XHB18\LIB\RTL.LIB|langapi ACBP=A9
 0001:000675C4 000000CC C=CODE    S=_TEXT    G=(none)   M=C:\DES\BUILD\XHB18\LIB\RTL.LIB|left ACBP=A9
 0001:00067690 00000093 C=CODE    S=_TEXT    G=(none)   M=C:\DES\BUILD\XHB18\LIB\RTL.LIB|len ACBP=A9
 0001:00067724 00000A80 C=CODE    S=_TEXT    G=(none)   M=C:\DES\BUILD\XHB18\LIB\RTL.LIB|math ACBP=A9
 0001:000681A4 0000014F C=CODE    S=_TEXT    G=(none)   M=C:\DES\BUILD\XHB18\LIB\RTL.LIB|maxrow ACBP=A9
 0001:000682F4 0000020B C=CODE    S=_TEXT    G=(none)   M=C:\DES\BUILD\XHB18\LIB\RTL.LIB|memofile ACBP=A9
 0001:00068500 000006A6 C=CODE    S=_TEXT    G=(none)   M=C:\DES\BUILD\XHB18\LIB\RTL.LIB|minmax ACBP=A9
 0001:00068BA8 00000976 C=CODE    S=_TEXT    G=(none)   M=C:\DES\BUILD\XHB18\LIB\RTL.LIB|mlcfunc ACBP=A9
 0001:00069520 00000071 C=CODE    S=_TEXT    G=(none)   M=C:\DES\BUILD\XHB18\LIB\RTL.LIB|net ACBP=A9
 0001:00069594 00000006 C=CODE    S=_TEXT    G=(none)   M=C:\DES\BUILD\XHB18\LIB\RTL.LIB|pad ACBP=A9
 0001:0006959C 00000141 C=CODE    S=_TEXT    G=(none)   M=C:\DES\BUILD\XHB18\LIB\RTL.LIB|padc ACBP=A9
 0001:000696E0 0000010F C=CODE    S=_TEXT    G=(none)   M=C:\DES\BUILD\XHB18\LIB\RTL.LIB|padl ACBP=A9
 0001:000697F0 00000108 C=CODE    S=_TEXT    G=(none)   M=C:\DES\BUILD\XHB18\LIB\RTL.LIB|padr ACBP=A9
 0001:000698F8 00000CEE C=CODE    S=_TEXT    G=(none)   M=C:\DES\BUILD\XHB18\LIB\RTL.LIB|philes ACBP=A9
 0001:0006A5E8 0000008D C=CODE    S=_TEXT    G=(none)   M=C:\DES\BUILD\XHB18\LIB\RTL.LIB|philesx ACBP=A9
 0001:0006A678 00000121 C=CODE    S=_TEXT    G=(none)   M=C:\DES\BUILD\XHB18\LIB\RTL.LIB|rat ACBP=A9
 0001:0006A79C 0000012F C=CODE    S=_TEXT    G=(none)   M=C:\DES\BUILD\XHB18\LIB\RTL.LIB|replic ACBP=A9
 0001:0006A8CC 00000093 C=CODE    S=_TEXT    G=(none)   M=C:\DES\BUILD\XHB18\LIB\RTL.LIB|right ACBP=A9
 0001:0006A960 00000132 C=CODE    S=_TEXT    G=(none)   M=C:\DES\BUILD\XHB18\LIB\RTL.LIB|round ACBP=A9
 0001:0006AA94 000001FC C=CODE    S=_TEXT    G=(none)   M=C:\DES\BUILD\XHB18\LIB\RTL.LIB|samples ACBP=A9
 0001:0006AC90 000002CC C=CODE    S=_TEXT    G=(none)   M=C:\DES\BUILD\XHB18\LIB\RTL.LIB|seconds ACBP=A9
 0001:0006AF5C 000011EA C=CODE    S=_TEXT    G=(none)   M=C:\DES\BUILD\XHB18\LIB\RTL.LIB|regex ACBP=A9
 0001:0006C148 00000155 C=CODE    S=_TEXT    G=(none)   M=C:\DES\BUILD\XHB18\LIB\RTL.LIB|setcolor ACBP=A9
 0001:0006C2A0 00000064 C=CODE    S=_TEXT    G=(none)   M=C:\DES\BUILD\XHB18\LIB\RTL.LIB|setcurs ACBP=A9
 0001:0006C304 0000059D C=CODE    S=_TEXT    G=(none)   M=C:\DES\BUILD\XHB18\LIB\RTL.LIB|setkey ACBP=A9
 0001:0006C8A4 0000008D C=CODE    S=_TEXT    G=(none)   M=C:\DES\BUILD\XHB18\LIB\RTL.LIB|setpos ACBP=A9
 0001:0006C934 0000002A C=CODE    S=_TEXT    G=(none)   M=C:\DES\BUILD\XHB18\LIB\RTL.LIB|setposbs ACBP=A9
 0001:0006C960 00000086 C=CODE    S=_TEXT    G=(none)   M=C:\DES\BUILD\XHB18\LIB\RTL.LIB|space ACBP=A9
 0001:0006C9E8 000002FA C=CODE    S=_TEXT    G=(none)   M=C:\DES\BUILD\XHB18\LIB\RTL.LIB|spfiles ACBP=A9
 0001:0006CCE4 0000023D C=CODE    S=_TEXT    G=(none)   M=C:\DES\BUILD\XHB18\LIB\RTL.LIB|str ACBP=A9
 0001:0006CF24 00000336 C=CODE    S=_TEXT    G=(none)   M=C:\DES\BUILD\XHB18\LIB\RTL.LIB|strcase ACBP=A9
 0001:0006D25C 00000141 C=CODE    S=_TEXT    G=(none)   M=C:\DES\BUILD\XHB18\LIB\RTL.LIB|strdel ACBP=A9
 0001:0006D3A0 00000035 C=CODE    S=_TEXT    G=(none)   M=C:\DES\BUILD\XHB18\LIB\RTL.LIB|strings ACBP=A9
 0001:0006D3D8 0000068D C=CODE    S=_TEXT    G=(none)   M=C:\DES\BUILD\XHB18\LIB\RTL.LIB|strmatch ACBP=A9
 0001:0006DA68 00000324 C=CODE    S=_TEXT    G=(none)   M=C:\DES\BUILD\XHB18\LIB\RTL.LIB|strtran ACBP=A9
 0001:0006DD8C 00000143 C=CODE    S=_TEXT    G=(none)   M=C:\DES\BUILD\XHB18\LIB\RTL.LIB|strzero ACBP=A9
 0001:0006DED0 0000017E C=CODE    S=_TEXT    G=(none)   M=C:\DES\BUILD\XHB18\LIB\RTL.LIB|stuff ACBP=A9
 0001:0006E050 00000153 C=CODE    S=_TEXT    G=(none)   M=C:\DES\BUILD\XHB18\LIB\RTL.LIB|substr ACBP=A9
 0001:0006E1A4 00000354 C=CODE    S=_TEXT    G=(none)   M=C:\DES\BUILD\XHB18\LIB\RTL.LIB|tone ACBP=A9
 0001:0006E4F8 00001174 C=CODE    S=_TEXT    G=(none)   M=C:\DES\BUILD\XHB18\LIB\RTL.LIB|tprinter ACBP=A9
 0001:0006F66C 000001B0 C=CODE    S=_TEXT    G=(none)   M=C:\DES\BUILD\XHB18\LIB\RTL.LIB|trace ACBP=A9
 0001:0006F81C 00001D00 C=CODE    S=_TEXT    G=(none)   M=C:\DES\BUILD\XHB18\LIB\RTL.LIB|transfrm ACBP=A9
 0001:0007151C 0000025E C=CODE    S=_TEXT    G=(none)   M=C:\DES\BUILD\XHB18\LIB\RTL.LIB|trim ACBP=A9
 0001:0007177C 00000077 C=CODE    S=_TEXT    G=(none)   M=C:\DES\BUILD\XHB18\LIB\RTL.LIB|type ACBP=A9
 0001:000717F4 0000009D C=CODE    S=_TEXT    G=(none)   M=C:\DES\BUILD\XHB18\LIB\RTL.LIB|val ACBP=A9
 0001:00071894 0000042E C=CODE    S=_TEXT    G=(none)   M=C:\DES\BUILD\XHB18\LIB\RTL.LIB|valtype ACBP=A9
 0001:00071CC4 00000394 C=CODE    S=_TEXT    G=(none)   M=C:\DES\BUILD\XHB18\LIB\RTL.LIB|version ACBP=A9
 0001:00072058 0000004A C=CODE    S=_TEXT    G=(none)   M=C:\DES\BUILD\XHB18\LIB\RTL.LIB|word ACBP=A9
 0001:000720A4 0000005C C=CODE    S=_TEXT    G=(none)   M=C:\DES\BUILD\XHB18\LIB\RTL.LIB|xhelp ACBP=A9
 0001:00072100 000000E4 C=CODE    S=_TEXT    G=(none)   M=C:\DES\BUILD\XHB18\LIB\RTL.LIB|xsavescr ACBP=A9
 0001:000721E4 00000164 C=CODE    S=_TEXT    G=(none)   M=C:\DES\BUILD\XHB18\LIB\RTL.LIB|cstr ACBP=A9
 0001:00072348 00000074 C=CODE    S=_TEXT    G=(none)   M=C:\DES\BUILD\XHB18\LIB\RTL.LIB|decode ACBP=A9
 0001:000723BC 00000060 C=CODE    S=_TEXT    G=(none)   M=C:\DES\BUILD\XHB18\LIB\RTL.LIB|fieldbl ACBP=A9
 0001:0007241C 0000004C C=CODE    S=_TEXT    G=(none)   M=C:\DES\BUILD\XHB18\LIB\RTL.LIB|memvarbl ACBP=A9
 0001:00072468 000001DC C=CODE    S=_TEXT    G=(none)   M=C:\DES\BUILD\XHB18\LIB\RTL.LIB|objfunc ACBP=A9
 0001:00072644 00000060 C=CODE    S=_TEXT    G=(none)   M=C:\DES\BUILD\XHB18\LIB\RTL.LIB|regexrpl ACBP=A9
 0001:000726A4 00000204 C=CODE    S=_TEXT    G=(none)   M=C:\DES\BUILD\XHB18\LIB\RTL.LIB|tclass ACBP=A9
 0001:000728A8 000003D4 C=CODE    S=_TEXT    G=(none)   M=C:\DES\BUILD\XHB18\LIB\RTL.LIB|tget ACBP=A9
 0001:00072C7C 000001A3 C=CODE    S=_TEXT    G=(none)   M=C:\DES\BUILD\XHB18\LIB\RTL.LIB|tobject ACBP=A9
 0001:00072E20 00000060 C=CODE    S=_TEXT    G=(none)   M=C:\DES\BUILD\XHB18\LIB\RTL.LIB|traceprg ACBP=A9
 0001:00072E80 0000026E C=CODE    S=_TEXT    G=(none)   M=C:\DES\BUILD\XHB18\LIB\RTL.LIB|tscalar ACBP=A9
 0001:000730F0 00000258 C=CODE    S=_TEXT    G=(none)   M=C:\DES\BUILD\XHB18\LIB\RTL.LIB|txml ACBP=A9
 0001:00073348 00000240 C=CODE    S=_TEXT    G=(none)   M=C:\DES\BUILD\XHB18\LIB\RTL.LIB|win32ole ACBP=A9
 0001:00073588 0000284C C=CODE    S=_TEXT    G=(none)   M=C:\DES\BUILD\XHB18\LIB\RTL.LIB|hbwinole ACBP=A9
 0001:00075DD4 000005B8 C=CODE    S=_TEXT    G=(none)   M=C:\DES\BUILD\XHB18\LIB\RTL.LIB|winos ACBP=A9
 0001:0007638C 0000035A C=CODE    S=_TEXT    G=(none)   M=C:\DES\BUILD\XHB18\LIB\RTL.LIB|winreg ACBP=A9
 0001:000766E8 0000013D C=CODE    S=_TEXT    G=(none)   M=C:\DES\BUILD\XHB18\LIB\RTL.LIB|win_misc ACBP=A9
 0001:00076828 00038F15 C=CODE    S=_TEXT    G=(none)   M=C:\DES\BUILD\XHB18\LIB\VM.LIB|hvmall ACBP=A9
 0001:000AF740 000005CF C=CODE    S=_TEXT    G=(none)   M=C:\DES\BUILD\XHB18\LIB\VM.LIB|cmdarg ACBP=A9
 0001:000AFD10 000011C9 C=CODE    S=_TEXT    G=(none)   M=C:\DES\BUILD\XHB18\LIB\VM.LIB|hbi18n ACBP=A9
 0001:000B0EDC 00000014 C=CODE    S=_TEXT    G=(none)   M=C:\DES\BUILD\XHB18\LIB\VM.LIB|break ACBP=A9
 0001:000B0EF0 00000019 C=CODE    S=_TEXT    G=(none)   M=C:\DES\BUILD\XHB18\LIB\VM.LIB|initsymb ACBP=A9
 0001:000B0F0C 00000076 C=CODE    S=_TEXT    G=(none)   M=C:\DES\BUILD\XHB18\LIB\VM.LIB|throw ACBP=A9
 0001:000B0F84 00000100 C=CODE    S=_TEXT    G=(none)   M=C:\DES\BUILD\XHB18\LIB\VM.LIB|harbinit ACBP=A9
 0001:000B1084 00000674 C=CODE    S=_TEXT    G=(none)   M=C:\DES\BUILD\XHB18\LIB\VM.LIB|bkgtsks ACBP=A9
 0001:000B16F8 0000012C C=CODE    S=_TEXT    G=(none)   M=C:\DES\BUILD\XHB18\LIB\VM.LIB|mainwin ACBP=A9
 0001:000B1824 00000010 C=CODE    S=_TEXT    G=(none)   M=C:\DES\BUILD\XHB18\LIB\LANG.LIB|msgen ACBP=A9
 0001:000B1834 00002A35 C=CODE    S=_TEXT    G=(none)   M=C:\DES\BUILD\XHB18\LIB\MACRO.LIB|macroy ACBP=A9
 0001:000B426C 00000359 C=CODE    S=_TEXT    G=(none)   M=C:\DES\BUILD\XHB18\LIB\MACRO.LIB|macroa ACBP=A9
 0001:000B45C8 00005D7D C=CODE    S=_TEXT    G=(none)   M=C:\DES\BUILD\XHB18\LIB\MACRO.LIB|macrob ACBP=A9
 0001:000BA348 000008B4 C=CODE    S=_TEXT    G=(none)   M=C:\DES\BUILD\XHB18\LIB\MACRO.LIB|macroc ACBP=A9
 0001:000BABFC 00002369 C=CODE    S=_TEXT    G=(none)   M=C:\DES\BUILD\XHB18\LIB\MACRO.LIB|macroslx ACBP=A9
 0001:000BCF68 000037F3 C=CODE    S=_TEXT    G=(none)   M=C:\DES\BUILD\XHB18\LIB\RDD.LIB|dbcmd ACBP=A9
 0001:000C075C 00000C62 C=CODE    S=_TEXT    G=(none)   M=C:\DES\BUILD\XHB18\LIB\RDD.LIB|dbcmd53 ACBP=A9
 0001:000C13C0 0000028E C=CODE    S=_TEXT    G=(none)   M=C:\DES\BUILD\XHB18\LIB\RDD.LIB|dbcmdx ACBP=A9
 0001:000C1650 0000000E C=CODE    S=_TEXT    G=(none)   M=C:\DES\BUILD\XHB18\LIB\RDD.LIB|dbcmdhb ACBP=A9
 0001:000C1660 00000026 C=CODE    S=_TEXT    G=(none)   M=C:\DES\BUILD\XHB18\LIB\RDD.LIB|fieldhb ACBP=A9
 0001:000C1688 000025FE C=CODE    S=_TEXT    G=(none)   M=C:\DES\BUILD\XHB18\LIB\RDD.LIB|workarea ACBP=A9
 0001:000C3C88 0000086B C=CODE    S=_TEXT    G=(none)   M=C:\DES\BUILD\XHB18\LIB\RDD.LIB|wacore ACBP=A9
 0001:000C44F4 000014B3 C=CODE    S=_TEXT    G=(none)   M=C:\DES\BUILD\XHB18\LIB\RDD.LIB|wafunc ACBP=A9
 0001:000C59A8 0000850C C=CODE    S=_TEXT    G=(none)   M=C:\DES\BUILD\XHB18\LIB\RDD.LIB|dbf1 ACBP=A9
 0001:000CDEB4 000006AB C=CODE    S=_TEXT    G=(none)   M=C:\DES\BUILD\XHB18\LIB\RDD.LIB|hbdbsort ACBP=A9
 0001:000CE560 000000D8 C=CODE    S=_TEXT    G=(none)   M=C:\DES\BUILD\XHB18\LIB\RDD.LIB|rddord ACBP=A9
 0001:000CE638 0000004C C=CODE    S=_TEXT    G=(none)   M=C:\DES\BUILD\XHB18\LIB\RDD.LIB|rddsys ACBP=A9
 0001:000CE684 0000ABD4 C=CODE    S=_TEXT    G=(none)   M=C:\DES\BUILD\XHB18\LIB\DBFNTX.LIB|dbfntx1 ACBP=A9
 0001:000D9258 000076A4 C=CODE    S=_TEXT    G=(none)   M=C:\DES\BUILD\XHB18\LIB\DBFFPT.LIB|dbffpt1 ACBP=A9
 0001:000E08FC 000003BF C=CODE    S=_TEXT    G=(none)   M=C:\DES\BUILD\XHB18\LIB\HBSIX.LIB|sxcrypt ACBP=A9
 0001:000E0CBC 000000F8 C=CODE    S=_TEXT    G=(none)   M=C:\DES\BUILD\XHB18\LIB\HBSIX.LIB|sxdate ACBP=A9
 0001:000E0DB4 0000003F C=CODE    S=_TEXT    G=(none)   M=C:\DES\BUILD\XHB18\LIB\COMMON.LIB|hbfopen ACBP=A9
 0001:000E0DF4 000003DF C=CODE    S=_TEXT    G=(none)   M=C:\DES\BUILD\XHB18\LIB\COMMON.LIB|hbfsapi ACBP=A9
 0001:000E11D4 000000F7 C=CODE    S=_TEXT    G=(none)   M=C:\DES\BUILD\XHB18\LIB\COMMON.LIB|hbgete ACBP=A9
 0001:000E12CC 000005CA C=CODE    S=_TEXT    G=(none)   M=C:\DES\BUILD\XHB18\LIB\COMMON.LIB|hbmem ACBP=A9
 0001:000E1898 0000169E C=CODE    S=_TEXT    G=(none)   M=C:\DES\BUILD\XHB18\LIB\COMMON.LIB|hbstr ACBP=A9
 0001:000E2F38 00001BF9 C=CODE    S=_TEXT    G=(none)   M=C:\DES\BUILD\XHB18\LIB\COMMON.LIB|hbprintf ACBP=A9
 0001:000E4B34 00000226 C=CODE    S=_TEXT    G=(none)   M=C:\DES\BUILD\XHB18\LIB\COMMON.LIB|hbtrace ACBP=A9
 0001:000E4D5C 00001026 C=CODE    S=_TEXT    G=(none)   M=C:\DES\BUILD\XHB18\LIB\COMMON.LIB|hbver ACBP=A9
 0001:000E5D84 00000B1A C=CODE    S=_TEXT    G=(none)   M=C:\DES\BUILD\XHB18\LIB\COMMON.LIB|expropt1 ACBP=A9
 0001:000E68A0 00001645 C=CODE    S=_TEXT    G=(none)   M=C:\DES\BUILD\XHB18\LIB\COMMON.LIB|expropt2 ACBP=A9
 0001:000E7EE8 00000060 C=CODE    S=_TEXT    G=(none)   M=C:\DES\BUILD\XHB18\LIB\COMMON.LIB|reserved ACBP=A9
 0001:000E7F48 000019FE C=CODE    S=_TEXT    G=(none)   M=C:\DES\BUILD\XHB18\LIB\COMMON.LIB|hbdate ACBP=A9
 0001:000E9948 00000181 C=CODE    S=_TEXT    G=(none)   M=C:\DES\BUILD\XHB18\LIB\COMMON.LIB|hbwince ACBP=A9
 0001:000E9ACC 00000559 C=CODE    S=_TEXT    G=(none)   M=C:\DES\BUILD\XHB18\LIB\CT.LIB|atnum ACBP=A9
 0001:000EA028 000001E3 C=CODE    S=_TEXT    G=(none)   M=C:\DES\BUILD\XHB18\LIB\CT.LIB|blank ACBP=A9
 0001:000EA20C 000001E7 C=CODE    S=_TEXT    G=(none)   M=C:\DES\BUILD\XHB18\LIB\CT.LIB|charmirr ACBP=A9
 0001:000EA3F4 00000381 C=CODE    S=_TEXT    G=(none)   M=C:\DES\BUILD\XHB18\LIB\CT.LIB|charone ACBP=A9
 0001:000EA778 0000031D C=CODE    S=_TEXT    G=(none)   M=C:\DES\BUILD\XHB18\LIB\CT.LIB|charonly ACBP=A9
 0001:000EAA98 000002B3 C=CODE    S=_TEXT    G=(none)   M=C:\DES\BUILD\XHB18\LIB\CT.LIB|charrepl ACBP=A9
 0001:000EAD4C 00000289 C=CODE    S=_TEXT    G=(none)   M=C:\DES\BUILD\XHB18\LIB\CT.LIB|charswap ACBP=A9
 0001:000EAFD8 000002A2 C=CODE    S=_TEXT    G=(none)   M=C:\DES\BUILD\XHB18\LIB\CT.LIB|ctc ACBP=A9
 0001:000EB27C 00000105 C=CODE    S=_TEXT    G=(none)   M=C:\DES\BUILD\XHB18\LIB\CT.LIB|ctmath ACBP=A9
 0001:000EB384 0000045A C=CODE    S=_TEXT    G=(none)   M=C:\DES\BUILD\XHB18\LIB\CT.LIB|ctmath2 ACBP=A9
 0001:000EB7E0 000003D6 C=CODE    S=_TEXT    G=(none)   M=C:\DES\BUILD\XHB18\LIB\CT.LIB|ctnet ACBP=A9
 0001:000EBBB8 000004FD C=CODE    S=_TEXT    G=(none)   M=C:\DES\BUILD\XHB18\LIB\CT.LIB|ctstr ACBP=A9
 0001:000EC0B8 0000056F C=CODE    S=_TEXT    G=(none)   M=C:\DES\BUILD\XHB18\LIB\CT.LIB|datetime ACBP=A9
 0001:000EC628 00000B94 C=CODE    S=_TEXT    G=(none)   M=C:\DES\BUILD\XHB18\LIB\CT.LIB|dattime2 ACBP=A9
 0001:000ED1BC 00000481 C=CODE    S=_TEXT    G=(none)   M=C:\DES\BUILD\XHB18\LIB\CT.LIB|disk ACBP=A9
 0001:000ED640 000001F9 C=CODE    S=_TEXT    G=(none)   M=C:\DES\BUILD\XHB18\LIB\CT.LIB|numat ACBP=A9
 0001:000ED83C 00000516 C=CODE    S=_TEXT    G=(none)   M=C:\DES\BUILD\XHB18\LIB\CT.LIB|range ACBP=A9
 0001:000EDD54 00000175 C=CODE    S=_TEXT    G=(none)   M=C:\DES\BUILD\XHB18\LIB\CT.LIB|remove ACBP=A9
 0001:000EDECC 0000054B C=CODE    S=_TEXT    G=(none)   M=C:\DES\BUILD\XHB18\LIB\CT.LIB|strfile ACBP=A9
 0001:000EE418 000009C7 C=CODE    S=_TEXT    G=(none)   M=C:\DES\BUILD\XHB18\LIB\CT.LIB|token1 ACBP=A9
 0001:000EEDE0 00000160 C=CODE    S=_TEXT    G=(none)   M=C:\DES\BUILD\XHB18\LIB\CT.LIB|ctmisc ACBP=A9
 0001:000EEF40 000002FF C=CODE    S=_TEXT    G=(none)   M=C:\DES\BUILD\XHB18\LIB\CT.LIB|dattime3 ACBP=A9
 0001:000EF240 00000074 C=CODE    S=_TEXT    G=(none)   M=C:\DES\BUILD\XHB18\LIB\CT.LIB|cttime ACBP=A9
 0001:000EF2B4 00000074 C=CODE    S=_TEXT    G=(none)   M=C:\DES\BUILD\XHB18\LIB\CT.LIB|util ACBP=A9
 0001:000EF328 00007DF8 C=CODE    S=_TEXT    G=(none)   M=C:\DES\BUILD\XHB18\LIB\PCREPOS.LIB|pcre_compile ACBP=A9
 0001:000F7120 0000B8A8 C=CODE    S=_TEXT    G=(none)   M=C:\DES\BUILD\XHB18\LIB\PCREPOS.LIB|pcre_exec ACBP=A9
 0001:001029C8 0000025E C=CODE    S=_TEXT    G=(none)   M=C:\DES\BUILD\XHB18\LIB\PCREPOS.LIB|pcre_fullinfo ACBP=A9
 0001:00102C28 000003E6 C=CODE    S=_TEXT    G=(none)   M=C:\DES\BUILD\XHB18\LIB\PCREPOS.LIB|pcre_newline ACBP=A9
 0001:00103010 0000004F C=CODE    S=_TEXT    G=(none)   M=C:\DES\BUILD\XHB18\LIB\PCREPOS.LIB|pcre_ord2utf8 ACBP=A9
 0001:00103060 00000474 C=CODE    S=_TEXT    G=(none)   M=C:\DES\BUILD\XHB18\LIB\PCREPOS.LIB|pcre_valid_utf8 ACBP=A9
 0001:001034D4 00000016 C=CODE    S=_TEXT    G=(none)   M=C:\DES\BUILD\XHB18\LIB\PCREPOS.LIB|pcre_version ACBP=A9
 0001:001034EC 00000411 C=CODE    S=_TEXT    G=(none)   M=C:\DES\BUILD\XHB18\LIB\PCREPOS.LIB|pcre_xclass ACBP=A9
 0001:00103900 000003C5 C=CODE    S=_TEXT    G=(none)   M=C:\DES\BUILD\XHB18\LIB\PCREPOS.LIB|pcreposix ACBP=A9
 0001:00103CC8 00000393 C=CODE    S=_TEXT    G=(none)   M=C:\DES\BUILD\XHB18\LIB\ZLIB.LIB|adler32 ACBP=A9
 0001:0010405C 000002F3 C=CODE    S=_TEXT    G=(none)   M=C:\DES\BUILD\XHB18\LIB\ZLIB.LIB|crc32 ACBP=A9
 0001:00104350 00002995 C=CODE    S=_TEXT    G=(none)   M=C:\DES\BUILD\XHB18\LIB\ZLIB.LIB|deflate ACBP=A9
 0001:00106CE8 0000048F C=CODE    S=_TEXT    G=(none)   M=C:\DES\BUILD\XHB18\LIB\ZLIB.LIB|inffast ACBP=A9
 0001:00107178 00001F21 C=CODE    S=_TEXT    G=(none)   M=C:\DES\BUILD\XHB18\LIB\ZLIB.LIB|inflate ACBP=A9
 0001:0010909C 00000425 C=CODE    S=_TEXT    G=(none)   M=C:\DES\BUILD\XHB18\LIB\ZLIB.LIB|inftrees ACBP=A9
 0001:001094C4 00001CB8 C=CODE    S=_TEXT    G=(none)   M=C:\DES\BUILD\XHB18\LIB\ZLIB.LIB|trees ACBP=A9
 0001:0010B17C 000000DB C=CODE    S=_TEXT    G=(none)   M=C:\DES\BUILD\XHB18\LIB\ZLIB.LIB|zutil ACBP=A9
 0001:0010B257 000266D5 C=CODE    S=_TEXT    G=(none)   M=C:\DES\BUILD\XHB18\LIB\HBZIP.LIB|ziparchive ACBP=A9
 0001:0013192C 00001B6A C=CODE    S=_TEXT    G=(none)   M=C:\DES\BUILD\XHB18\LIB\HBZIP.LIB|zip ACBP=A9
 0001:00133496 0000817D C=CODE    S=_TEXT    G=(none)   M=C:\DES\BUILD\XHB18\LIB\HBZIP.LIB|zipplatform ACBP=A9
 0001:0013B5EB 00008BB3 C=CODE    S=_TEXT    G=(none)   M=C:\DES\BUILD\XHB18\LIB\HBZIP.LIB|zipstorage ACBP=A9
 0001:00144197 00002A61 C=CODE    S=_TEXT    G=(none)   M=C:\DES\BUILD\XHB18\LIB\HBZIP.LIB|zipstring ACBP=A9
 0001:00146BD0 00001464 C=CODE    S=_TEXT    G=(none)   M=C:\DES\BUILD\XHB18\LIB\HBZIP.LIB|zipplatformcomm ACBP=A9
 0001:0014800C 00006C5E C=CODE    S=_TEXT    G=(none)   M=C:\DES\BUILD\XHB18\LIB\HBZIP.LIB|zippathcomponent ACBP=A9
 0001:0014EC42 000010DF C=CODE    S=_TEXT    G=(none)   M=C:\DES\BUILD\XHB18\LIB\HBZIP.LIB|zipmemfile ACBP=A9
 0001:0014FCF9 00001437 C=CODE    S=_TEXT    G=(none)   M=C:\DES\BUILD\XHB18\LIB\HBZIP.LIB|zipfileheader ACBP=A9
 0001:00151108 0000100E C=CODE    S=_TEXT    G=(none)   M=C:\DES\BUILD\XHB18\LIB\HBZIP.LIB|zipfile ACBP=A9
 0001:001520EE 0000EEE1 C=CODE    S=_TEXT    G=(none)   M=C:\DES\BUILD\XHB18\LIB\HBZIP.LIB|zipnew ACBP=A9
 0001:00160EDF 00001299 C=CODE    S=_TEXT    G=(none)   M=C:\DES\BUILD\XHB18\LIB\HBZIP.LIB|zipcomp ACBP=A9
 0001:00162088 00000AB4 C=CODE    S=_TEXT    G=(none)   M=C:\DES\BUILD\XHB18\LIB\HBZIP.LIB|zipexception ACBP=A9
 0001:00162B14 00000692 C=CODE    S=_TEXT    G=(none)   M=C:\DES\BUILD\XHB18\LIB\HBZIP.LIB|zipcompatibility ACBP=A9
 0001:0016317E 000069F5 C=CODE    S=_TEXT    G=(none)   M=C:\DES\BUILD\XHB18\LIB\HBZIP.LIB|zipcentraldir ACBP=A9
 0001:00169ADF 00000282 C=CODE    S=_TEXT    G=(none)   M=C:\DES\BUILD\XHB18\LIB\HBZIP.LIB|zipautobuffer ACBP=A9
 0001:00169D18 00000028 C=CODE    S=_TEXT    G=(none)   M=C:\DES\BUILD\BCC18\LIB\CW32.LIB|delaop ACBP=A9
 0001:00169D40 0000002E C=CODE    S=_TEXT    G=(none)   M=C:\DES\BUILD\BCC18\LIB\CW32.LIB|delop ACBP=A9
 0001:00169D70 0000004E C=CODE    S=_TEXT    G=(none)   M=C:\DES\BUILD\BCC18\LIB\CW32.LIB|exceptio ACBP=A9
 0001:00169DA5 00000099 C=CODE    S=_TEXT    G=(none)   M=C:\DES\BUILD\BCC18\LIB\CW32.LIB|gccex ACBP=A9
 0001:00169DF2 000005CE C=CODE    S=_TEXT    G=(none)   M=C:\DES\BUILD\BCC18\LIB\CW32.LIB|inst ACBP=A9
 0001:0016A398 0000245C C=CODE    S=_TEXT    G=(none)   M=C:\DES\BUILD\BCC18\LIB\CW32.LIB|ios ACBP=A9
 0001:0016C7CC 000049C2 C=CODE    S=_TEXT    G=(none)   M=C:\DES\BUILD\BCC18\LIB\CW32.LIB|iostream ACBP=A9
 0001:00171168 000002EF C=CODE    S=_TEXT    G=(none)   M=C:\DES\BUILD\BCC18\LIB\CW32.LIB|dwlocale ACBP=A9
 0001:00171430 00002106 C=CODE    S=_TEXT    G=(none)   M=C:\DES\BUILD\BCC18\LIB\CW32.LIB|locale0 ACBP=A9
 0001:00173536 00000019 C=CODE    S=_TEXT    G=(none)   M=C:\DES\BUILD\BCC18\LIB\CW32.LIB|new ACBP=A9
 0001:00173538 00000074 C=CODE    S=_TEXT    G=(none)   M=C:\DES\BUILD\BCC18\LIB\CW32.LIB|newaop ACBP=A9
 0001:00173560 0000011E C=CODE    S=_TEXT    G=(none)   M=C:\DES\BUILD\BCC18\LIB\CW32.LIB|newop ACBP=A9
 0001:0017365B 00000EB1 C=CODE    S=_TEXT    G=(none)   M=C:\DES\BUILD\BCC18\LIB\CW32.LIB|string ACBP=A9
 0001:001744E4 000043B1 C=CODE    S=_TEXT    G=(none)   M=C:\DES\BUILD\BCC18\LIB\CW32.LIB|wiostrea ACBP=A9
 0001:0017886D 000000D4 C=CODE    S=_TEXT    G=(none)   M=C:\DES\BUILD\BCC18\LIB\CW32.LIB|xlocinfo ACBP=A9
 0001:00178944 00000110 C=CODE    S=_TEXT    G=(none)   M=C:\DES\BUILD\BCC18\LIB\CW32.LIB|xstart ACBP=A9
 0001:00178A54 00000027 C=CODE    S=_TEXT    G=(none)   M=C:\DES\BUILD\BCC18\LIB\CW32.LIB|wchar ACBP=A9
 0001:00178A7C 0000014B C=CODE    S=_TEXT    G=(none)   M=C:\DES\BUILD\BCC18\LIB\CW32.LIB|hrdir_b ACBP=A9
 0001:00178BC8 00000020 C=CODE    S=_TEXT    G=(none)   M=C:\DES\BUILD\BCC18\LIB\CW32.LIB|hrdir_mf ACBP=A9
 0001:00178BE8 000000DC C=CODE    S=_TEXT    G=(none)   M=C:\DES\BUILD\BCC18\LIB\CW32.LIB|hrdir_s ACBP=A9
 0001:00178CC4 00000001 C=CODE    S=_TEXT    G=(none)   M=C:\DES\BUILD\BCC18\LIB\CW32.LIB|hrdir_us ACBP=A9
 0001:00178CC8 000001DF C=CODE    S=_TEXT    G=(none)   M=C:\DES\BUILD\BCC18\LIB\CW32.LIB|vnewldtc ACBP=A9
 0001:00178EA8 00000DC2 C=CODE    S=_TEXT    G=(none)   M=C:\DES\BUILD\BCC18\LIB\CW32.LIB|_fastmm ACBP=A9
 0001:00179C6C 00000B42 C=CODE    S=_TEXT    G=(none)   M=C:\DES\BUILD\BCC18\LIB\CW32.LIB|_fastmma ACBP=A9
 0001:0017A7B0 0000004A C=CODE    S=_TEXT    G=(none)   M=C:\DES\BUILD\BCC18\LIB\CW32.LIB|heap ACBP=A9
 0001:0017A7FC 00000065 C=CODE    S=_TEXT    G=(none)   M=C:\DES\BUILD\BCC18\LIB\CW32.LIB|realloc ACBP=A9
 0001:0017A864 00000001 C=CODE    S=_TEXT    G=(none)   M=C:\DES\BUILD\BCC18\LIB\CW32.LIB|crtlst_i ACBP=A9
 0001:0017A868 00000001 C=CODE    S=_TEXT    G=(none)   M=C:\DES\BUILD\BCC18\LIB\CW32.LIB|crtlst_l ACBP=A9
 0001:0017A86C 00000032 C=CODE    S=_TEXT    G=(none)   M=C:\DES\BUILD\BCC18\LIB\CW32.LIB|strdup ACBP=A9
 0001:0017A8A0 000000A3 C=CODE    S=_TEXT    G=(none)   M=C:\DES\BUILD\BCC18\LIB\CW32.LIB|strerror ACBP=A9
 0001:0017A944 0000004F C=CODE    S=_TEXT    G=(none)   M=C:\DES\BUILD\BCC18\LIB\CW32.LIB|strncpy ACBP=A9
 0001:0017A994 0000002D C=CODE    S=_TEXT    G=(none)   M=C:\DES\BUILD\BCC18\LIB\CW32.LIB|strpbrk ACBP=A9
 0001:0017A9C4 00000029 C=CODE    S=_TEXT    G=(none)   M=C:\DES\BUILD\BCC18\LIB\CW32.LIB|strrchr ACBP=A9
 0001:0017A9F0 00000060 C=CODE    S=_TEXT    G=(none)   M=C:\DES\BUILD\BCC18\LIB\CW32.LIB|strstr ACBP=A9
 0001:0017AA50 0000003F C=CODE    S=_TEXT    G=(none)   M=C:\DES\BUILD\BCC18\LIB\CW32.LIB|wcscpy ACBP=A9
 0001:0017AA90 00000018 C=CODE    S=_TEXT    G=(none)   M=C:\DES\BUILD\BCC18\LIB\CW32.LIB|wcslen ACBP=A9
 0001:0017AAA8 00000014 C=CODE    S=_TEXT    G=(none)   M=C:\DES\BUILD\BCC18\LIB\CW32.LIB|__memchr ACBP=A9
 0001:0017AABC 0000000A C=CODE    S=_TEXT    G=(none)   M=C:\DES\BUILD\BCC18\LIB\CW32.LIB|__strchr ACBP=A9
 0001:0017AAC8 0000000A C=CODE    S=_TEXT    G=(none)   M=C:\DES\BUILD\BCC18\LIB\CW32.LIB|__strstr ACBP=A9
 0001:0017AAD4 00000037 C=CODE    S=_TEXT    G=(none)   M=C:\DES\BUILD\BCC18\LIB\CW32.LIB|_stpcpy ACBP=A9
 0001:0017AB0C 00000055 C=CODE    S=_TEXT    G=(none)   M=C:\DES\BUILD\BCC18\LIB\CW32.LIB|memchr ACBP=A9
 0001:0017AB64 0000006C C=CODE    S=_TEXT    G=(none)   M=C:\DES\BUILD\BCC18\LIB\CW32.LIB|memcmp ACBP=A9
 0001:0017ABD0 00000016 C=CODE    S=_TEXT    G=(none)   M=C:\DES\BUILD\BCC18\LIB\CW32.LIB|memcpy ACBP=A9
 0001:0017ABE8 00000117 C=CODE    S=_TEXT    G=(none)   M=C:\DES\BUILD\BCC18\LIB\CW32.LIB|memmove ACBP=A9
 0001:0017AD00 000000B3 C=CODE    S=_TEXT    G=(none)   M=C:\DES\BUILD\BCC18\LIB\CW32.LIB|memset ACBP=A9
 0001:0017ADB4 0000005D C=CODE    S=_TEXT    G=(none)   M=C:\DES\BUILD\BCC18\LIB\CW32.LIB|strcat ACBP=A9
 0001:0017AE14 0000004E C=CODE    S=_TEXT    G=(none)   M=C:\DES\BUILD\BCC18\LIB\CW32.LIB|strchr ACBP=A9
 0001:0017AE64 0000004D C=CODE    S=_TEXT    G=(none)   M=C:\DES\BUILD\BCC18\LIB\CW32.LIB|strcmp ACBP=A9
 0001:0017AEB4 00000049 C=CODE    S=_TEXT    G=(none)   M=C:\DES\BUILD\BCC18\LIB\CW32.LIB|strcpy ACBP=A9
 0001:0017AF00 0000005A C=CODE    S=_TEXT    G=(none)   M=C:\DES\BUILD\BCC18\LIB\CW32.LIB|strlen ACBP=A9
 0001:0017AF5C 0000007A C=CODE    S=_TEXT    G=(none)   M=C:\DES\BUILD\BCC18\LIB\CW32.LIB|strncat ACBP=A9
 0001:0017AFD8 0000005F C=CODE    S=_TEXT    G=(none)   M=C:\DES\BUILD\BCC18\LIB\CW32.LIB|strncmp ACBP=A9
 0001:0017B038 00000057 C=CODE    S=_TEXT    G=(none)   M=C:\DES\BUILD\BCC18\LIB\CW32.LIB|wcscmp ACBP=A9
 0001:0017B090 00000071 C=CODE    S=_TEXT    G=(none)   M=C:\DES\BUILD\BCC18\LIB\CW32.LIB|wmemchr ACBP=A9
 0001:0017B104 0000001C C=CODE    S=_TEXT    G=(none)   M=C:\DES\BUILD\BCC18\LIB\CW32.LIB|wmemcpy ACBP=A9
 0001:0017B120 000000DF C=CODE    S=_TEXT    G=(none)   M=C:\DES\BUILD\BCC18\LIB\CW32.LIB|wmemset ACBP=A9
 0001:0017B200 00000040 C=CODE    S=_TEXT    G=(none)   M=C:\DES\BUILD\BCC18\LIB\CW32.LIB|__access ACBP=A9
 0001:0017B240 00000063 C=CODE    S=_TEXT    G=(none)   M=C:\DES\BUILD\BCC18\LIB\CW32.LIB|__close ACBP=A9
 0001:0017B2A4 00000013 C=CODE    S=_TEXT    G=(none)   M=C:\DES\BUILD\BCC18\LIB\CW32.LIB|__dup ACBP=A9
 0001:0017B2B8 000000EF C=CODE    S=_TEXT    G=(none)   M=C:\DES\BUILD\BCC18\LIB\CW32.LIB|__dup2 ACBP=A9
 0001:0017B3A8 00000086 C=CODE    S=_TEXT    G=(none)   M=C:\DES\BUILD\BCC18\LIB\CW32.LIB|__eof ACBP=A9
 0001:0017B430 00000123 C=CODE    S=_TEXT    G=(none)   M=C:\DES\BUILD\BCC18\LIB\CW32.LIB|__ftrunc ACBP=A9
 0001:0017B554 00000047 C=CODE    S=_TEXT    G=(none)   M=C:\DES\BUILD\BCC18\LIB\CW32.LIB|__isatty ACBP=A9
 0001:0017B59C 00000076 C=CODE    S=_TEXT    G=(none)   M=C:\DES\BUILD\BCC18\LIB\CW32.LIB|__lseek ACBP=A9
 0001:0017B614 00000214 C=CODE    S=_TEXT    G=(none)   M=C:\DES\BUILD\BCC18\LIB\CW32.LIB|__open ACBP=A9
 0001:0017B828 0000019A C=CODE    S=_TEXT    G=(none)   M=C:\DES\BUILD\BCC18\LIB\CW32.LIB|__read ACBP=A9
 0001:0017B9C4 00000214 C=CODE    S=_TEXT    G=(none)   M=C:\DES\BUILD\BCC18\LIB\CW32.LIB|__wopen ACBP=A9
 0001:0017BBD8 000001DD C=CODE    S=_TEXT    G=(none)   M=C:\DES\BUILD\BCC18\LIB\CW32.LIB|__wread ACBP=A9
 0001:0017BDB8 0000011C C=CODE    S=_TEXT    G=(none)   M=C:\DES\BUILD\BCC18\LIB\CW32.LIB|__write ACBP=A9
 0001:0017BED4 00000011 C=CODE    S=_TEXT    G=(none)   M=C:\DES\BUILD\BCC18\LIB\CW32.LIB|_cfinfo ACBP=A9
 0001:0017BEE8 0000001F C=CODE    S=_TEXT    G=(none)   M=C:\DES\BUILD\BCC18\LIB\CW32.LIB|_close ACBP=A9
 0001:0017BF08 0000003D C=CODE    S=_TEXT    G=(none)   M=C:\DES\BUILD\BCC18\LIB\CW32.LIB|_commit ACBP=A9
 0001:0017BF48 00000075 C=CODE    S=_TEXT    G=(none)   M=C:\DES\BUILD\BCC18\LIB\CW32.LIB|_read ACBP=A9
 0001:0017BFBD 00000017 C=CODE    S=_TEXT    G=(none)   M=C:\DES\BUILD\BCC18\LIB\CW32.LIB|_umask ACBP=A9
 0001:0017BFC0 00000061 C=CODE    S=_TEXT    G=(none)   M=C:\DES\BUILD\BCC18\LIB\CW32.LIB|_write ACBP=A9
 0001:0017C024 0000007D C=CODE    S=_TEXT    G=(none)   M=C:\DES\BUILD\BCC18\LIB\CW32.LIB|allocbuf ACBP=A9
 0001:0017C0A4 0000008F C=CODE    S=_TEXT    G=(none)   M=C:\DES\BUILD\BCC18\LIB\CW32.LIB|chdir ACBP=A9
 0001:0017C134 0000009C C=CODE    S=_TEXT    G=(none)   M=C:\DES\BUILD\BCC18\LIB\CW32.LIB|chdrive ACBP=A9
 0001:0017C1D0 0000008E C=CODE    S=_TEXT    G=(none)   M=C:\DES\BUILD\BCC18\LIB\CW32.LIB|fclose ACBP=A9
 0001:0017C260 0000007F C=CODE    S=_TEXT    G=(none)   M=C:\DES\BUILD\BCC18\LIB\CW32.LIB|fflush ACBP=A9
 0001:0017C2E0 0000001E C=CODE    S=_TEXT    G=(none)   M=C:\DES\BUILD\BCC18\LIB\CW32.LIB|fgetpos ACBP=A9
 0001:0017C300 0000005A C=CODE    S=_TEXT    G=(none)   M=C:\DES\BUILD\BCC18\LIB\CW32.LIB|flushout ACBP=A9
 0001:0017C35C 00000023 C=CODE    S=_TEXT    G=(none)   M=C:\DES\BUILD\BCC18\LIB\CW32.LIB|fmodeptr ACBP=A9
 0001:0017C380 0000021B C=CODE    S=_TEXT    G=(none)   M=C:\DES\BUILD\BCC18\LIB\CW32.LIB|fopen ACBP=A9
 0001:0017C59C 00000022 C=CODE    S=_TEXT    G=(none)   M=C:\DES\BUILD\BCC18\LIB\CW32.LIB|fprintf ACBP=A9
 0001:0017C5C0 000000DC C=CODE    S=_TEXT    G=(none)   M=C:\DES\BUILD\BCC18\LIB\CW32.LIB|fputn ACBP=A9
 0001:0017C69C 00000167 C=CODE    S=_TEXT    G=(none)   M=C:\DES\BUILD\BCC18\LIB\CW32.LIB|fread ACBP=A9
 0001:0017C804 0000014C C=CODE    S=_TEXT    G=(none)   M=C:\DES\BUILD\BCC18\LIB\CW32.LIB|fseek ACBP=A9
 0001:0017C950 00000019 C=CODE    S=_TEXT    G=(none)   M=C:\DES\BUILD\BCC18\LIB\CW32.LIB|fsetpos ACBP=A9
 0001:0017C96C 000000DB C=CODE    S=_TEXT    G=(none)   M=C:\DES\BUILD\BCC18\LIB\CW32.LIB|fullpath ACBP=A9
 0001:0017CA48 00000031 C=CODE    S=_TEXT    G=(none)   M=C:\DES\BUILD\BCC18\LIB\CW32.LIB|fwrite ACBP=A9
 0001:0017CA7C 000002B9 C=CODE    S=_TEXT    G=(none)   M=C:\DES\BUILD\BCC18\LIB\CW32.LIB|handles ACBP=A9
 0001:0017CD38 0000007E C=CODE    S=_TEXT    G=(none)   M=C:\DES\BUILD\BCC18\LIB\CW32.LIB|ioerror ACBP=A9
 0001:0017CDB8 000001A6 C=CODE    S=_TEXT    G=(none)   M=C:\DES\BUILD\BCC18\LIB\CW32.LIB|lgetc ACBP=A9
 0001:0017CF60 000001A8 C=CODE    S=_TEXT    G=(none)   M=C:\DES\BUILD\BCC18\LIB\CW32.LIB|lgetwc ACBP=A9
 0001:0017D108 0000011A C=CODE    S=_TEXT    G=(none)   M=C:\DES\BUILD\BCC18\LIB\CW32.LIB|lputc ACBP=A9
 0001:0017D224 00000144 C=CODE    S=_TEXT    G=(none)   M=C:\DES\BUILD\BCC18\LIB\CW32.LIB|lputwc ACBP=A9
 0001:0017D368 00000091 C=CODE    S=_TEXT    G=(none)   M=C:\DES\BUILD\BCC18\LIB\CW32.LIB|mkname ACBP=A9
 0001:0017D3FC 0000006D C=CODE    S=_TEXT    G=(none)   M=C:\DES\BUILD\BCC18\LIB\CW32.LIB|oshandle ACBP=A9
 0001:0017D469 00000083 C=CODE    S=_TEXT    G=(none)   M=C:\DES\BUILD\BCC18\LIB\CW32.LIB|perror ACBP=A9
 0001:0017D46C 00000023 C=CODE    S=_TEXT    G=(none)   M=C:\DES\BUILD\BCC18\LIB\CW32.LIB|printf ACBP=A9
 0001:0017D490 0000006E C=CODE    S=_TEXT    G=(none)   M=C:\DES\BUILD\BCC18\LIB\CW32.LIB|setmode ACBP=A9
 0001:0017D500 0000004D C=CODE    S=_TEXT    G=(none)   M=C:\DES\BUILD\BCC18\LIB\CW32.LIB|setvbuf ACBP=A9
 0001:0017D550 00000100 C=CODE    S=_TEXT    G=(none)   M=C:\DES\BUILD\BCC18\LIB\CW32.LIB|snprntf ACBP=A9
 0001:0017D650 00000038 C=CODE    S=_TEXT    G=(none)   M=C:\DES\BUILD\BCC18\LIB\CW32.LIB|sopen ACBP=A9
 0001:0017D688 000002CD C=CODE    S=_TEXT    G=(none)   M=C:\DES\BUILD\BCC18\LIB\CW32.LIB|splitpth ACBP=A9
 0001:0017D958 00000078 C=CODE    S=_TEXT    G=(none)   M=C:\DES\BUILD\BCC18\LIB\CW32.LIB|sprintf ACBP=A9
 0001:0017D9D0 00000207 C=CODE    S=_TEXT    G=(none)   M=C:\DES\BUILD\BCC18\LIB\CW32.LIB|stat ACBP=A9
 0001:0017DBD8 00000101 C=CODE    S=_TEXT    G=(none)   M=C:\DES\BUILD\BCC18\LIB\CW32.LIB|streams ACBP=A9
 0001:0017DCDC 00000015 C=CODE    S=_TEXT    G=(none)   M=C:\DES\BUILD\BCC18\LIB\CW32.LIB|tell ACBP=A9
 0001:0017DCF4 00000052 C=CODE    S=_TEXT    G=(none)   M=C:\DES\BUILD\BCC18\LIB\CW32.LIB|ungetc ACBP=A9
 0001:0017DD48 0000005C C=CODE    S=_TEXT    G=(none)   M=C:\DES\BUILD\BCC18\LIB\CW32.LIB|ungetwc ACBP=A9
 0001:0017DDA4 0000001A C=CODE    S=_TEXT    G=(none)   M=C:\DES\BUILD\BCC18\LIB\CW32.LIB|unlink ACBP=A9
 0001:0017DDC0 0000025C C=CODE    S=_TEXT    G=(none)   M=C:\DES\BUILD\BCC18\LIB\CW32.LIB|utime ACBP=A9
 0001:0017E01C 00000022 C=CODE    S=_TEXT    G=(none)   M=C:\DES\BUILD\BCC18\LIB\CW32.LIB|vfprintf ACBP=A9
 0001:0017E040 00000A98 C=CODE    S=_TEXT    G=(none)   M=C:\DES\BUILD\BCC18\LIB\CW32.LIB|vprinter ACBP=A9
 0001:0017EAD8 0000020F C=CODE    S=_TEXT    G=(none)   M=C:\DES\BUILD\BCC18\LIB\CW32.LIB|wfopen ACBP=A9
 0001:0017ECE8 0000001A C=CODE    S=_TEXT    G=(none)   M=C:\DES\BUILD\BCC18\LIB\CW32.LIB|wunlink ACBP=A9
 0001:0017ED04 0000002E C=CODE    S=_TEXT    G=(none)   M=C:\DES\BUILD\BCC18\LIB\CW32.LIB|xfclose ACBP=A9
 0001:0017ED34 00000027 C=CODE    S=_TEXT    G=(none)   M=C:\DES\BUILD\BCC18\LIB\CW32.LIB|xfflush ACBP=A9
 0001:0017ED5C 00000008 C=CODE    S=_TEXT    G=(none)   M=C:\DES\BUILD\BCC18\LIB\CW32.LIB|_stat ACBP=A9
 0001:0017ED64 00000008 C=CODE    S=_TEXT    G=(none)   M=C:\DES\BUILD\BCC18\LIB\CW32.LIB|access ACBP=A9
 0001:0017ED6C 00000008 C=CODE    S=_TEXT    G=(none)   M=C:\DES\BUILD\BCC18\LIB\CW32.LIB|chsize ACBP=A9
 0001:0017ED74 00000008 C=CODE    S=_TEXT    G=(none)   M=C:\DES\BUILD\BCC18\LIB\CW32.LIB|close ACBP=A9
 0001:0017ED7C 00000008 C=CODE    S=_TEXT    G=(none)   M=C:\DES\BUILD\BCC18\LIB\CW32.LIB|dup ACBP=A9
 0001:0017ED84 00000008 C=CODE    S=_TEXT    G=(none)   M=C:\DES\BUILD\BCC18\LIB\CW32.LIB|lseek ACBP=A9
 0001:0017ED8C 00000010 C=CODE    S=_TEXT    G=(none)   M=C:\DES\BUILD\BCC18\LIB\CW32.LIB|open ACBP=A9
 0001:0017ED9C 00000008 C=CODE    S=_TEXT    G=(none)   M=C:\DES\BUILD\BCC18\LIB\CW32.LIB|read ACBP=A9
 0001:0017EDA4 00000010 C=CODE    S=_TEXT    G=(none)   M=C:\DES\BUILD\BCC18\LIB\CW32.LIB|remove ACBP=A9
 0001:0017EDB4 00000008 C=CODE    S=_TEXT    G=(none)   M=C:\DES\BUILD\BCC18\LIB\CW32.LIB|write ACBP=A9
 0001:0017EDBC 00000006 C=CODE    S=_TEXT    G=(none)   M=C:\DES\BUILD\BCC18\LIB\CW32.LIB|cconv ACBP=A9
 0001:0017EDC4 000002CC C=CODE    S=_TEXT    G=(none)   M=C:\DES\BUILD\BCC18\LIB\CW32.LIB|convt ACBP=A9
 0001:0017F090 0000006C C=CODE    S=_TEXT    G=(none)   M=C:\DES\BUILD\BCC18\LIB\CW32.LIB|getinfo ACBP=A9
 0001:0017F0FC 00000116 C=CODE    S=_TEXT    G=(none)   M=C:\DES\BUILD\BCC18\LIB\CW32.LIB|is ACBP=A9
 0001:0017F214 0000011B C=CODE    S=_TEXT    G=(none)   M=C:\DES\BUILD\BCC18\LIB\CW32.LIB|wis ACBP=A9
 0001:0017F330 0000009F C=CODE    S=_TEXT    G=(none)   M=C:\DES\BUILD\BCC18\LIB\CW32.LIB|isctype ACBP=A9
 0001:0017F3D0 000000E6 C=CODE    S=_TEXT    G=(none)   M=C:\DES\BUILD\BCC18\LIB\CW32.LIB|iswctype ACBP=A9
 0001:0017F4B8 0000118F C=CODE    S=_TEXT    G=(none)   M=C:\DES\BUILD\BCC18\LIB\CW32.LIB|locale ACBP=A9
 0001:00180648 00000816 C=CODE    S=_TEXT    G=(none)   M=C:\DES\BUILD\BCC18\LIB\CW32.LIB|initcat ACBP=A9
 0001:00180E60 000000DD C=CODE    S=_TEXT    G=(none)   M=C:\DES\BUILD\BCC18\LIB\CW32.LIB|lconv ACBP=A9
 0001:00180F40 0000005A C=CODE    S=_TEXT    G=(none)   M=C:\DES\BUILD\BCC18\LIB\CW32.LIB|lstrcoll ACBP=A9
 0001:00180F9C 00000024 C=CODE    S=_TEXT    G=(none)   M=C:\DES\BUILD\BCC18\LIB\CW32.LIB|lstrlwr ACBP=A9
 0001:00180FC0 000000C0 C=CODE    S=_TEXT    G=(none)   M=C:\DES\BUILD\BCC18\LIB\CW32.LIB|ltolower ACBP=A9
 0001:00181080 000000C0 C=CODE    S=_TEXT    G=(none)   M=C:\DES\BUILD\BCC18\LIB\CW32.LIB|ltoupper ACBP=A9
 0001:00181140 00000681 C=CODE    S=_TEXT    G=(none)   M=C:\DES\BUILD\BCC18\LIB\CW32.LIB|mbyte1 ACBP=A9
 0001:001817C4 00000252 C=CODE    S=_TEXT    G=(none)   M=C:\DES\BUILD\BCC18\LIB\CW32.LIB|mbrtowc ACBP=A9
 0001:00181A18 00000016 C=CODE    S=_TEXT    G=(none)   M=C:\DES\BUILD\BCC18\LIB\CW32.LIB|lsetlocl ACBP=A9
 0001:00181A30 00000268 C=CODE    S=_TEXT    G=(none)   M=C:\DES\BUILD\BCC18\LIB\CW32.LIB|_ll ACBP=A9
 0001:00181C98 0000001D C=CODE    S=_TEXT    G=(none)   M=C:\DES\BUILD\BCC18\LIB\CW32.LIB|_finite ACBP=A9
 0001:00181CB8 0000001E C=CODE    S=_TEXT    G=(none)   M=C:\DES\BUILD\BCC18\LIB\CW32.LIB|_finitel ACBP=A9
 0001:00181CD8 0000002B C=CODE    S=_TEXT    G=(none)   M=C:\DES\BUILD\BCC18\LIB\CW32.LIB|_ftoul ACBP=A9
 0001:00181D04 00000045 C=CODE    S=_TEXT    G=(none)   M=C:\DES\BUILD\BCC18\LIB\CW32.LIB|_isnan ACBP=A9
 0001:00181D4C 00000049 C=CODE    S=_TEXT    G=(none)   M=C:\DES\BUILD\BCC18\LIB\CW32.LIB|_isnanl ACBP=A9
 0001:00181D98 000000B0 C=CODE    S=_TEXT    G=(none)   M=C:\DES\BUILD\BCC18\LIB\CW32.LIB|_matherr ACBP=A9
 0001:00181E48 00000184 C=CODE    S=_TEXT    G=(none)   M=C:\DES\BUILD\BCC18\LIB\CW32.LIB|_pow10 ACBP=A9
 0001:00181FCC 0000011C C=CODE    S=_TEXT    G=(none)   M=C:\DES\BUILD\BCC18\LIB\CW32.LIB|acosasin ACBP=A9
 0001:001820E8 00000077 C=CODE    S=_TEXT    G=(none)   M=C:\DES\BUILD\BCC18\LIB\CW32.LIB|atol ACBP=A9
 0001:00182160 0000001C C=CODE    S=_TEXT    G=(none)   M=C:\DES\BUILD\BCC18\LIB\CW32.LIB|ceil ACBP=A9
 0001:0018217C 00000013 C=CODE    S=_TEXT    G=(none)   M=C:\DES\BUILD\BCC18\LIB\CW32.LIB|clear87 ACBP=A9
 0001:00182190 0000003F C=CODE    S=_TEXT    G=(none)   M=C:\DES\BUILD\BCC18\LIB\CW32.LIB|cos ACBP=A9
 0001:001821D0 0000002F C=CODE    S=_TEXT    G=(none)   M=C:\DES\BUILD\BCC18\LIB\CW32.LIB|ctrl87 ACBP=A9
 0001:00182200 00000018 C=CODE    S=_TEXT    G=(none)   M=C:\DES\BUILD\BCC18\LIB\CW32.LIB|cvtentry ACBP=A9
 0001:00182218 00000018 C=CODE    S=_TEXT    G=(none)   M=C:\DES\BUILD\BCC18\LIB\CW32.LIB|cvtfak ACBP=A9
 0001:00182230 00000018 C=CODE    S=_TEXT    G=(none)   M=C:\DES\BUILD\BCC18\LIB\CW32.LIB|cvtfakw ACBP=A9
 0001:00182248 00000016 C=CODE    S=_TEXT    G=(none)   M=C:\DES\BUILD\BCC18\LIB\CW32.LIB|div ACBP=A9
 0001:00182260 0000006C C=CODE    S=_TEXT    G=(none)   M=C:\DES\BUILD\BCC18\LIB\CW32.LIB|exp ACBP=A9
 0001:001822CC 000000D2 C=CODE    S=_TEXT    G=(none)   M=C:\DES\BUILD\BCC18\LIB\CW32.LIB|f87exp ACBP=A9
 0001:001823A0 00000048 C=CODE    S=_TEXT    G=(none)   M=C:\DES\BUILD\BCC18\LIB\CW32.LIB|f87log ACBP=A9
 0001:001823E8 0000000D C=CODE    S=_TEXT    G=(none)   M=C:\DES\BUILD\BCC18\LIB\CW32.LIB|fabs ACBP=A9
 0001:001823F8 0000001C C=CODE    S=_TEXT    G=(none)   M=C:\DES\BUILD\BCC18\LIB\CW32.LIB|floor ACBP=A9
 0001:00182414 0000004D C=CODE    S=_TEXT    G=(none)   M=C:\DES\BUILD\BCC18\LIB\CW32.LIB|fmod ACBP=A9
 0001:00182464 00000016 C=CODE    S=_TEXT    G=(none)   M=C:\DES\BUILD\BCC18\LIB\CW32.LIB|fpreset ACBP=A9
 0001:0018247C 00000030 C=CODE    S=_TEXT    G=(none)   M=C:\DES\BUILD\BCC18\LIB\CW32.LIB|ftol ACBP=A9
 0001:001824AC 0000002D C=CODE    S=_TEXT    G=(none)   M=C:\DES\BUILD\BCC18\LIB\CW32.LIB|fuildq ACBP=A9
 0001:001824DC 00000021 C=CODE    S=_TEXT    G=(none)   M=C:\DES\BUILD\BCC18\LIB\CW32.LIB|fuistq ACBP=A9
 0001:00182500 00000011 C=CODE    S=_TEXT    G=(none)   M=C:\DES\BUILD\BCC18\LIB\CW32.LIB|fxam ACBP=A9
 0001:00182514 000000B1 C=CODE    S=_TEXT    G=(none)   M=C:\DES\BUILD\BCC18\LIB\CW32.LIB|int64toa ACBP=A9
 0001:001825C8 0000011B C=CODE    S=_TEXT    G=(none)   M=C:\DES\BUILD\BCC18\LIB\CW32.LIB|ldtrunc ACBP=A9
 0001:001826E4 0000006D C=CODE    S=_TEXT    G=(none)   M=C:\DES\BUILD\BCC18\LIB\CW32.LIB|log ACBP=A9
 0001:00182754 0000006D C=CODE    S=_TEXT    G=(none)   M=C:\DES\BUILD\BCC18\LIB\CW32.LIB|log10 ACBP=A9
 0001:001827C4 0000008F C=CODE    S=_TEXT    G=(none)   M=C:\DES\BUILD\BCC18\LIB\CW32.LIB|longtoa ACBP=A9
 0001:00182854 00000075 C=CODE    S=_TEXT    G=(none)   M=C:\DES\BUILD\BCC18\LIB\CW32.LIB|ltoa1 ACBP=A9
 0001:001828CC 0000002E C=CODE    S=_TEXT    G=(none)   M=C:\DES\BUILD\BCC18\LIB\CW32.LIB|matherrl ACBP=A9
 0001:001828FC 00000016 C=CODE    S=_TEXT    G=(none)   M=C:\DES\BUILD\BCC18\LIB\CW32.LIB|mathptr ACBP=A9
 0001:00182914 00000030 C=CODE    S=_TEXT    G=(none)   M=C:\DES\BUILD\BCC18\LIB\CW32.LIB|modf ACBP=A9
 0001:00182944 00000030 C=CODE    S=_TEXT    G=(none)   M=C:\DES\BUILD\BCC18\LIB\CW32.LIB|modfl ACBP=A9
 0001:00182974 000001DC C=CODE    S=_TEXT    G=(none)   M=C:\DES\BUILD\BCC18\LIB\CW32.LIB|pow ACBP=A9
 0001:00182B50 00000025 C=CODE    S=_TEXT    G=(none)   M=C:\DES\BUILD\BCC18\LIB\CW32.LIB|qdiv10 ACBP=A9
 0001:00182B78 0000002E C=CODE    S=_TEXT    G=(none)   M=C:\DES\BUILD\BCC18\LIB\CW32.LIB|qmul10 ACBP=A9
 0001:00182BA8 00000084 C=CODE    S=_TEXT    G=(none)   M=C:\DES\BUILD\BCC18\LIB\CW32.LIB|rand ACBP=A9
 0001:00182C2C 000002F9 C=CODE    S=_TEXT    G=(none)   M=C:\DES\BUILD\BCC18\LIB\CW32.LIB|realcvt ACBP=A9
 0001:00182F28 00000331 C=CODE    S=_TEXT    G=(none)   M=C:\DES\BUILD\BCC18\LIB\CW32.LIB|realcvtw ACBP=A9
 0001:0018325C 0000002C C=CODE    S=_TEXT    G=(none)   M=C:\DES\BUILD\BCC18\LIB\CW32.LIB|round ACBP=A9
 0001:00183288 000004E9 C=CODE    S=_TEXT    G=(none)   M=C:\DES\BUILD\BCC18\LIB\CW32.LIB|scantod ACBP=A9
 0001:00183774 000004F5 C=CODE    S=_TEXT    G=(none)   M=C:\DES\BUILD\BCC18\LIB\CW32.LIB|scanwtod ACBP=A9
 0001:00183C6C 0000003F C=CODE    S=_TEXT    G=(none)   M=C:\DES\BUILD\BCC18\LIB\CW32.LIB|sin ACBP=A9
 0001:00183CAC 0000003A C=CODE    S=_TEXT    G=(none)   M=C:\DES\BUILD\BCC18\LIB\CW32.LIB|sqrt ACBP=A9
 0001:00183CE8 000002D8 C=CODE    S=_TEXT    G=(none)   M=C:\DES\BUILD\BCC18\LIB\CW32.LIB|xcvt ACBP=A9
 0001:00183FC0 000002F7 C=CODE    S=_TEXT    G=(none)   M=C:\DES\BUILD\BCC18\LIB\CW32.LIB|xcvtw ACBP=A9
 0001:001842B8 0000006D C=CODE    S=_TEXT    G=(none)   M=C:\DES\BUILD\BCC18\LIB\CW32.LIB|mbbtype ACBP=A9
 0001:00184328 0000014D C=CODE    S=_TEXT    G=(none)   M=C:\DES\BUILD\BCC18\LIB\CW32.LIB|mbctype ACBP=A9
 0001:00184478 0000003D C=CODE    S=_TEXT    G=(none)   M=C:\DES\BUILD\BCC18\LIB\CW32.LIB|mbisalp ACBP=A9
 0001:001844B8 0000001A C=CODE    S=_TEXT    G=(none)   M=C:\DES\BUILD\BCC18\LIB\CW32.LIB|mbisdgt ACBP=A9
 0001:001844D4 0000001A C=CODE    S=_TEXT    G=(none)   M=C:\DES\BUILD\BCC18\LIB\CW32.LIB|mbisspc ACBP=A9
 0001:001844F0 0000002F C=CODE    S=_TEXT    G=(none)   M=C:\DES\BUILD\BCC18\LIB\CW32.LIB|mbsbtype ACBP=A9
 0001:00184520 0000009B C=CODE    S=_TEXT    G=(none)   M=C:\DES\BUILD\BCC18\LIB\CW32.LIB|mbsicmp ACBP=A9
 0001:001845BC 00000054 C=CODE    S=_TEXT    G=(none)   M=C:\DES\BUILD\BCC18\LIB\CW32.LIB|mbsnbcpy ACBP=A9
 0001:00184610 000000BF C=CODE    S=_TEXT    G=(none)   M=C:\DES\BUILD\BCC18\LIB\CW32.LIB|mbsnbicm ACBP=A9
 0001:001846D0 0000006C C=CODE    S=_TEXT    G=(none)   M=C:\DES\BUILD\BCC18\LIB\CW32.LIB|mbspbrk ACBP=A9
 0001:0018473C 00000058 C=CODE    S=_TEXT    G=(none)   M=C:\DES\BUILD\BCC18\LIB\CW32.LIB|mbsrchr ACBP=A9
 0001:00184794 0000001D C=CODE    S=_TEXT    G=(none)   M=C:\DES\BUILD\BCC18\LIB\CW32.LIB|mbtoupr ACBP=A9
 0001:001847B4 000000A6 C=CODE    S=_TEXT    G=(none)   M=C:\DES\BUILD\BCC18\LIB\CW32.LIB|assert ACBP=A9
 0001:0018485C 000000BA C=CODE    S=_TEXT    G=(none)   M=C:\DES\BUILD\BCC18\LIB\CW32.LIB|ermsghlp ACBP=A9
 0001:00184918 00000006 C=CODE    S=_TEXT    G=(none)   M=C:\DES\BUILD\BCC18\LIB\CW32.LIB|errno ACBP=A9
 0001:00184920 0000019F C=CODE    S=_TEXT    G=(none)   M=C:\DES\BUILD\BCC18\LIB\CW32.LIB|errormsg ACBP=A9
 0001:00184AC0 00000089 C=CODE    S=_TEXT    G=(none)   M=C:\DES\BUILD\BCC18\LIB\CW32.LIB|platform ACBP=A9
 0001:00184B49 00000013 C=CODE    S=_TEXT    G=(none)   M=C:\DES\BUILD\BCC18\LIB\CW32.LIB|pureerr ACBP=A9
 0001:00184B5C 00000236 C=CODE    S=_TEXT    G=(none)   M=C:\DES\BUILD\BCC18\LIB\CW32.LIB|qsort ACBP=A9
 0001:00184D94 00000348 C=CODE    S=_TEXT    G=(none)   M=C:\DES\BUILD\BCC18\LIB\CW32.LIB|debug_wrapper ACBP=A9
 0001:001850D8 000000A6 C=CODE    S=_TEXT    G=(none)   M=C:\DES\BUILD\BCC18\LIB\CW32.LIB|abort ACBP=A9
 0001:00185180 0000011E C=CODE    S=_TEXT    G=(none)   M=C:\DES\BUILD\BCC18\LIB\CW32.LIB|__atexit ACBP=A9
 0001:001852A0 00000047 C=CODE    S=_TEXT    G=(none)   M=C:\DES\BUILD\BCC18\LIB\CW32.LIB|__exit ACBP=A9
 0001:001852E8 00000065 C=CODE    S=_TEXT    G=(none)   M=C:\DES\BUILD\BCC18\LIB\CW32.LIB|exit ACBP=A9
 0001:00185350 00000067 C=CODE    S=_TEXT    G=(none)   M=C:\DES\BUILD\BCC18\LIB\CW32.LIB|getenv ACBP=A9
 0001:001853B8 0000001A C=CODE    S=_TEXT    G=(none)   M=C:\DES\BUILD\BCC18\LIB\CW32.LIB|initwild ACBP=A9
 0001:001853D4 00000011 C=CODE    S=_TEXT    G=(none)   M=C:\DES\BUILD\BCC18\LIB\CW32.LIB|exparg ACBP=A9
 0001:001853E8 00000011 C=CODE    S=_TEXT    G=(none)   M=C:\DES\BUILD\BCC18\LIB\CW32.LIB|wexparg ACBP=A9
 0001:001853FC 00000027 C=CODE    S=_TEXT    G=(none)   M=C:\DES\BUILD\BCC18\LIB\CW32.LIB|initargv ACBP=A9
 0001:00185424 0000016C C=CODE    S=_TEXT    G=(none)   M=C:\DES\BUILD\BCC18\LIB\CW32.LIB|setargv ACBP=A9
 0001:00185590 00000224 C=CODE    S=_TEXT    G=(none)   M=C:\DES\BUILD\BCC18\LIB\CW32.LIB|hsargv ACBP=A9
 0001:001857B4 0000026D C=CODE    S=_TEXT    G=(none)   M=C:\DES\BUILD\BCC18\LIB\CW32.LIB|whsargv ACBP=A9
 0001:00185A24 00000045 C=CODE    S=_TEXT    G=(none)   M=C:\DES\BUILD\BCC18\LIB\CW32.LIB|setargv0 ACBP=A9
 0001:00185A6C 000001A0 C=CODE    S=_TEXT    G=(none)   M=C:\DES\BUILD\BCC18\LIB\CW32.LIB|setenvp ACBP=A9
 0001:00185C0C 000002FA C=CODE    S=_TEXT    G=(none)   M=C:\DES\BUILD\BCC18\LIB\CW32.LIB|signal ACBP=A9
 0001:00185F08 00000122 C=CODE    S=_TEXT    G=(none)   M=C:\DES\BUILD\BCC18\LIB\CW32.LIB|initexit ACBP=A9
 0001:0018602C 0000016C C=CODE    S=_TEXT    G=(none)   M=C:\DES\BUILD\BCC18\LIB\CW32.LIB|startup ACBP=A9
 0001:00186198 0000004F C=CODE    S=_TEXT    G=(none)   M=C:\DES\BUILD\BCC18\LIB\CW32.LIB|tlsstat ACBP=A9
 0001:001861E8 000001DD C=CODE    S=_TEXT    G=(none)   M=C:\DES\BUILD\BCC18\LIB\CW32.LIB|gmtime ACBP=A9
 0001:001863C8 00000055 C=CODE    S=_TEXT    G=(none)   M=C:\DES\BUILD\BCC18\LIB\CW32.LIB|mktime ACBP=A9
 0001:00186420 00000369 C=CODE    S=_TEXT    G=(none)   M=C:\DES\BUILD\BCC18\LIB\CW32.LIB|timefunc ACBP=A9
 0001:0018678C 00000006 C=CODE    S=_TEXT    G=(none)   M=C:\DES\BUILD\BCC18\LIB\CW32.LIB|tzdata ACBP=A9
 0001:00186794 000001EE C=CODE    S=_TEXT    G=(none)   M=C:\DES\BUILD\BCC18\LIB\CW32.LIB|tzset ACBP=A9
 0001:00186984 00000008 C=CODE    S=_TEXT    G=(none)   M=C:\DES\BUILD\BCC18\LIB\CW32.LIB|_tzset ACBP=A9
 0001:0018698C 00000156 C=CODE    S=_TEXT    G=(none)   M=C:\DES\BUILD\BCC18\LIB\CW32.LIB|statcvt ACBP=A9
 0001:00186AE4 0000004E C=CODE    S=_TEXT    G=(none)   M=C:\DES\BUILD\BCC18\LIB\CW32.LIB|time ACBP=A9
 0001:00186B34 00000070 C=CODE    S=_TEXT    G=(none)   M=C:\DES\BUILD\BCC18\LIB\CW32.LIB|xxa ACBP=A9
 0001:00186BA4 000008B9 C=CODE    S=_TEXT    G=(none)   M=C:\DES\BUILD\BCC18\LIB\CW32.LIB|xxtype ACBP=A9
 0001:00187427 0000005A C=CODE    S=_TEXT    G=(none)   M=C:\DES\BUILD\BCC18\LIB\CW32.LIB|xxut ACBP=A9
 0001:00187450 00000147 C=CODE    S=_TEXT    G=(none)   M=C:\DES\BUILD\BCC18\LIB\CW32.LIB|xxv ACBP=A9
 0001:00187598 0000000A C=CODE    S=_TEXT    G=(none)   M=C:\DES\BUILD\BCC18\LIB\CW32.LIB|defhandl ACBP=A9
 0001:001875A4 00000195 C=CODE    S=_TEXT    G=(none)   M=C:\DES\BUILD\BCC18\LIB\CW32.LIB|except ACBP=A9
 0001:0018773C 00000046 C=CODE    S=_TEXT    G=(none)   M=C:\DES\BUILD\BCC18\LIB\CW32.LIB|setexc ACBP=A9
 0001:00187784 00000031 C=CODE    S=_TEXT    G=(none)   M=C:\DES\BUILD\BCC18\LIB\CW32.LIB|ta ACBP=A9
 0001:001877B8 00001F44 C=CODE    S=_TEXT    G=(none)   M=C:\DES\BUILD\BCC18\LIB\CW32.LIB|xx ACBP=A9
 0002:00000000 000000C8 C=DATA    S=_DATA    G=DGROUP   M=C:\DES\BUILD\BCC18\LIB\C0W32.OBJ ACBP=A9
 0002:000000C8 00000124 C=DATA    S=_DATA    G=DGROUP   M=C:\DES\FIVEWIN-EXEMPLO\PRINCIPAL.OBJ ACBP=A9
 0002:000001EC 00001064 C=DATA    S=_DATA    G=DGROUP   M=C:\DES\BUILD\FWH18\LIB\FIVEHX.LIB|ACTIVEX ACBP=A9
 0002:00001250 00009924 C=DATA    S=_DATA    G=DGROUP   M=C:\DES\BUILD\FWH18\LIB\FIVEHX.LIB|ADOFUNCS ACBP=A9
 0002:0000AB74 00000C00 C=DATA    S=_DATA    G=DGROUP   M=C:\DES\BUILD\FWH18\LIB\FIVEHX.LIB|ALERT ACBP=A9
 0002:0000B774 00005F08 C=DATA    S=_DATA    G=DGROUP   M=C:\DES\BUILD\FWH18\LIB\FIVEHX.LIB|BAR ACBP=A9
 0002:0001167C 00004098 C=DATA    S=_DATA    G=DGROUP   M=C:\DES\BUILD\FWH18\LIB\FIVEHX.LIB|BITMAP ACBP=A9
 0002:00015714 00002A20 C=DATA    S=_DATA    G=DGROUP   M=C:\DES\BUILD\FWH18\LIB\FIVEHX.LIB|BRUSH ACBP=A9
 0002:00018134 00008224 C=DATA    S=_DATA    G=DGROUP   M=C:\DES\BUILD\FWH18\LIB\FIVEHX.LIB|BTNBMP ACBP=A9
 0002:00020358 00001A7C C=DATA    S=_DATA    G=DGROUP   M=C:\DES\BUILD\FWH18\LIB\FIVEHX.LIB|BUTTON ACBP=A9
 0002:00021DD4 00001944 C=DATA    S=_DATA    G=DGROUP   M=C:\DES\BUILD\FWH18\LIB\FIVEHX.LIB|BUTTONB ACBP=A9
 0002:00023718 00001A8C C=DATA    S=_DATA    G=DGROUP   M=C:\DES\BUILD\FWH18\LIB\FIVEHX.LIB|CHECKBOX ACBP=A9
 0002:000251A4 000004E8 C=DATA    S=_DATA    G=DGROUP   M=C:\DES\BUILD\FWH18\LIB\FIVEHX.LIB|CHECKRES ACBP=A9
 0002:0002568C 00000EE8 C=DATA    S=_DATA    G=DGROUP   M=C:\DES\BUILD\FWH18\LIB\FIVEHX.LIB|CLIPBRD ACBP=A9
 0002:00026574 00004B24 C=DATA    S=_DATA    G=DGROUP   M=C:\DES\BUILD\FWH18\LIB\FIVEHX.LIB|COMBOBOX ACBP=A9
 0002:0002B098 00006594 C=DATA    S=_DATA    G=DGROUP   M=C:\DES\BUILD\FWH18\LIB\FIVEHX.LIB|CONTROL ACBP=A9
[...]
 0002:001C9A98  std::ctype<wchar_t>::id
 0002:001C9A9C  __vdflg__ std::ctype<wchar_t>::id
 0002:001C9AA0  std::codecvt<wchar_t, char, int>::id
 0002:001C9AA4  __vdflg__ std::codecvt<wchar_t, char, int>::id
 0002:001C9AA8  std::codecvt<char16_t, char, int>::id
 0002:001C9AAC  __vdflg__ std::codecvt<char16_t, char, int>::id
 0002:001C9AB0  std::codecvt<char32_t, char, int>::id
 0002:001C9AB4  __vdflg__ std::codecvt<char32_t, char, int>::id
 0002:001C9AB8  std::ctype<char>::table_size
 0002:001C9ABC  __thrwl__ std::locale::locale()
 0002:001C9AC0  __odtbl__ std::locale::locale()
 0002:001C9AD0  __ectbl__ std::locale::locale()
 0002:001C9AF4  __odtbl__ std::locale::_Init()
 0002:001C9B34  __ectbl__ std::locale::_Init()
 0002:001C9BA0  __odtbl__ std::locale::facet::_Register()
 0002:001C9BB0  __ectbl__ std::locale::facet::_Register()
 0002:001C9BE0  __odtbl__ std::locale::_Locimp::_Locimp(bool)
 0002:001C9BF0  __ectbl__ std::locale::_Locimp::_Locimp(bool)
 0002:001C9C14  __odtbl__ std::locale::_Locimp::~_Locimp()
 0002:001C9C50  __ectbl__ std::locale::_Locimp::~_Locimp()
 0002:001C9C98  __odtbl__ std::_Locinfo::_Locinfo(std::basic_string<char, std::char_traits<char>, std::allocator<char> >&)
 0002:001C9CA8  __ectbl__ std::_Locinfo::_Locinfo(std::basic_string<char, std::char_traits<char>, std::allocator<char> >&)
 0002:001C9CCC  __odtbl__ std::_Locinfo::~_Locinfo()
 0002:001C9CF8  __ectbl__ std::_Locinfo::~_Locinfo()
 0002:001C9D1C  __odtbl__ std::_Fac_node::~_Fac_node()
 0002:001C9D2C  __ectbl__ std::_Fac_node::~_Fac_node()
 0002:001C9D5C  __odtbl__ std::_Fac_deletable::~_Fac_deletable()
 0002:001C9D6C  __ectbl__ std::_Fac_deletable::~_Fac_deletable()
 0002:001C9D84  @std@_Fac_deletable@3
 0002:001C9D94  D2540_1
 0002:001C9D94  std::_New_hand
 0002:001C9D98  D2542_1
 0002:001C9DBC  D2546_1
 0002:001C9EAC  D2551_1
 0002:001C9ED8  __odtbl__ std::_String_base::_Xlen() const
 0002:001C9F04  __ectbl__ std::_String_base::_Xlen() const
 0002:001C9F28  __odtbl__ std::_String_base::_Xran() const
 0002:001C9F54  __ectbl__ std::_String_base::_Xran() const
 0002:001C9F78  D2558_1
 0002:001CA010  std::_Winit::_Init_cnt
 0002:001CA014  __odtbl__ std::_Winit::_Winit()
 0002:001CA304  __ectbl__ std::_Winit::_Winit()
 0002:001CA64C  __odtbl__ std::_Winit::~_Winit()
 0002:001CA66C  __ectbl__ std::_Winit::~_Winit()
 0002:001CA690  __odtbl__ std::basic_ios<wchar_t, std::char_traits<wchar_t> >::~basic_ios<wchar_t, std::char_traits<wchar_t> >()
 0002:001CA6A0  __ectbl__ std::basic_ios<wchar_t, std::char_traits<wchar_t> >::~basic_ios<wchar_t, std::char_traits<wchar_t> >()
 0002:001CA6B8  __odtbl__ std::basic_filebuf<wchar_t, std::char_traits<wchar_t> >::_Endwrite()
 0002:001CA6D8  __ectbl__ std::basic_filebuf<wchar_t, std::char_traits<wchar_t> >::_Endwrite()
 0002:001CA6FC  __odtbl__ std::basic_ostream<wchar_t, std::char_traits<wchar_t> >::~basic_ostream<wchar_t, std::char_traits<wchar_t> >()
 0002:001CA70C  __ectbl__ std::basic_ostream<wchar_t, std::char_traits<wchar_t> >::~basic_ostream<wchar_t, std::char_traits<wchar_t> >()
 0002:001CA724  __odtbl__ std::basic_istream<wchar_t, std::char_traits<wchar_t> >::~basic_istream<wchar_t, std::char_traits<wchar_t> >()
 0002:001CA734  __ectbl__ std::basic_istream<wchar_t, std::char_traits<wchar_t> >::~basic_istream<wchar_t, std::char_traits<wchar_t> >()
 0002:001CA74C  __odtbl__ std::basic_filebuf<wchar_t, std::char_traits<wchar_t> >::~basic_filebuf<wchar_t, std::char_traits<wchar_t> >()
 0002:001CA75C  __ectbl__ std::basic_filebuf<wchar_t, std::char_traits<wchar_t> >::~basic_filebuf<wchar_t, std::char_traits<wchar_t> >()
 0002:001CA774  @std@%basic_ostream$b19std@%char_traits$b%%@3
 0002:001CA790  @std@%basic_ios$b19std@%char_traits$b%%@3
 0002:001CA7A0  @std@%basic_istream$b19std@%char_traits$b%%@3
 0002:001CA7BC  @std@%basic_streambuf$b19std@%char_traits$b%%@3
 0002:001CA804  @std@%basic_filebuf$b19std@%char_traits$b%%@3
 0002:001CA84C  __ectbl__ std::basic_streambuf<wchar_t, std::char_traits<wchar_t> >::~basic_streambuf<wchar_t, std::char_traits<wchar_t> >()
 0002:001CA858  __odtbl__ std::basic_filebuf<wchar_t, std::char_traits<wchar_t> >::overflow(wchar_t)
 0002:001CA878  __ectbl__ std::basic_filebuf<wchar_t, std::char_traits<wchar_t> >::overflow(wchar_t)
 0002:001CA89C  __odtbl__ std::basic_filebuf<wchar_t, std::char_traits<wchar_t> >::uflow()
 0002:001CA8BC  __ectbl__ std::basic_filebuf<wchar_t, std::char_traits<wchar_t> >::uflow()
 0002:001CA8E0  __odtbl__ std::basic_filebuf<wchar_t, std::char_traits<wchar_t> >::imbue(std::locale&)
 0002:001CA958  __ectbl__ std::basic_filebuf<wchar_t, std::char_traits<wchar_t> >::imbue(std::locale&)
 0002:001CA9C4  @std@%codecvt$bci%@3
 0002:001CA9F0  std::_Facetptr<std::codecvt<wchar_t, char, int> >::_Psave
 0002:001CA9F4  __odtbl__ std::codecvt<wchar_t, char, int>::~codecvt<wchar_t, char, int>()
 0002:001CAA04  __ectbl__ std::codecvt<wchar_t, char, int>::~codecvt<wchar_t, char, int>()
 0002:001CAA1C  __thrwl__ std::codecvt<wchar_t, char, int>::do_always_noconv() const
 0002:001CAA20  __ectbl__ std::codecvt<wchar_t, char, int>::do_always_noconv() const
 0002:001CAA2C  __thrwl__ std::codecvt<wchar_t, char, int>::do_max_length() const
 0002:001CAA30  __ectbl__ std::codecvt<wchar_t, char, int>::do_max_length() const
 0002:001CAA3C  __thrwl__ std::codecvt<wchar_t, char, int>::do_encoding() const
 0002:001CAA40  __ectbl__ std::codecvt<wchar_t, char, int>::do_encoding() const
 0002:001CAA4C  D2566_1
 0002:001CAC4C  D2570_1
 0002:001CACB0  D2712_1
 0002:001CADC0  D2724_1
 0002:001CADC4  __heap_redirector
 0002:001CADE4  D2738_0
 0002:001CADE4  __stkchk
 0002:001CADE8  D2754_1
 0002:001CAEA4  D2758_1
 0002:001CAEA4  __FastMM_IsMultiThread
 0002:001CAEA5  __FastMM_ReportMemoryLeaksOnShutdown
 0002:001CAEA6  __FastMM_NeverSleepOnMMThreadContention
 0002:001CAED8  __FastMM_MemoryManager
 0002:001CAEF0  __FastMM_SmallBlockTypes
 0002:001CB5D0  __FastMM_MediumBlocksLocked
 0002:001CB658  D2868_1
 0002:001CB66C  D3028_1
 0002:001CB678  __cfinfo_get
 0002:001CB678  D3048_1
 0002:001CB67C  __notUmask
 0002:001CB67C  D3080_1
 0002:001CB680  D3100_0
 0002:001CB680  __fileinfo
 0002:001CB684  D3158_0
 0002:001CB684  __streams
 0002:001CBB34  D3160_0
 0002:001CBB34  __nfile
 0002:001CBB38  __openfd
 0002:001CBC00  D3168_0
 0002:001CBC00  __fmode
 0002:001CBC04  D3170_1
 0002:001CBC04  __fmodeptr
 0002:001CBC08  D3250_1
 0002:001CBC08  __dosErrorToSV
 0002:001CBD34  D3269_1
 0002:001CBD40  D3275_1
 0002:001CBD40  __sys_errlist
 0002:001CBE08  __sys_nerr
 0002:001CC1D4  D3358_1
 0002:001CC1EC  D3386_1
 0002:001CC1F8  D3404_1
 0002:001CC270  __chartype
 0002:001CC270  D3562_0
 0002:001CC474  __localeconvention
 0002:001CC474  D3564_1
 0002:001CC4A4  ___force
 0002:001CC4B4  D3566_1
 0002:001CC504  __lower
 0002:001CC504  D3568_0
 0002:001CC604  __upper
 0002:001CC604  D3572_0
 0002:001CC704  D3588_1
 0002:001CC704  ___mb_cur_max
 0002:001CC708  ___localeLock
 0002:001CC81C  D3590_0
 0002:001CC81C  _CMonetary
 0002:001CC850  _CNumeric
 0002:001CC866  _CTimeDate
 0002:001CC928  _CLOCALE
 0002:001CC954  ___locale
 0002:001CCA78  D3592_1
 0002:001CCB04  D3722_1
 0002:001CCB14  D3728_1
 0002:001CCB14  _e0to7
 0002:001CCB64  _e8
 0002:001CCB70  _e16
 0002:001CCB7A  _e32
 0002:001CCB84  _e64
 0002:001CCB8E  _e128
 0002:001CCB98  _e256
 0002:001CCBA2  _e512
 0002:001CCBAC  _e1024
 0002:001CCBB6  _e2048
 0002:001CCBC0  _e4096
 0002:001CCBCA  _eINF
 0002:001CCBD4  D3735_1
 0002:001CCBF0  D3765_1
 0002:001CCBFC  D3783_1
 0002:001CCBFC  __realcvtptr
 0002:001CCC00  __nextrealptr
 0002:001CCC04  __scantodptr
 0002:001CCC08  __scanrsltptr
 0002:001CCC64  __realcvtwptr
 0002:001CCC64  D3785_1
 0002:001CCC68  __nextrealwptr
 0002:001CCC6C  __scanwtodptr
 0002:001CCC70  __scanwrsltptr
 0002:001CCCCC  __default87
 0002:001CCCCC  D3787_0
 0002:001CCCD0  D3793_1
 0002:001CCCDC  D3801_1
 0002:001CCCF0  D3803_1
 0002:001CCD08  __huge_flt
 0002:001CCD08  D3841_0
 0002:001CCD0C  __huge_dble
 0002:001CCD14  __huge_ldble
 0002:001CCD1E  __max_flt
 0002:001CCD22  __max_dble
 0002:001CCD2A  __max_ldble
 0002:001CCD34  __indefinite
 0002:001CCD38  __tiny_ldble
 0002:001CCD44  ___ieee_64_p_inf
 0002:001CCD4C  ___ieee_64_n_inf
 0002:001CCD54  ___ieee_64_p_nanq
 0002:001CCD5C  ___ieee_64_n_nanq
 0002:001CCD64  ___ieee_64_p_nans
 0002:001CCD6C  ___ieee_64_n_nans
 0002:001CCD74  ___ieee_64_p_zero
 0002:001CCD7C  ___ieee_64_n_zero
 0002:001CCD84  __turboFloat
 0002:001CCD84  D3851_0
 0002:001CCD88  __floatconvert
 0002:001CCD8C  D3869_1
 0002:001CCD98  D3871_1
 0002:001CCDA8  __pmatherr
 0002:001CCDA8  D3893_1
 0002:001CCDAC  __pmatherrl
 0002:001CCDB0  D3897_0
 0002:001CCDB0  __mathwhy
 0002:001CCDF4  D3907_1
 0002:001CCE10  D3919_1
 0002:001CCE18  D3921_1
 0002:001CCE2C  D3923_1
 0002:001CCE54  D3930_1
 0002:001CCE7C  D3932_1
 0002:001CCEA4  D3934_1
 0002:001CCEB0  D3942_1
 0002:001CCEC0  D4000_1
 0002:001CCEC0  __kalpha
 0002:001CCEC2  __kpunct
 0002:001CCF08  D4140_1
 0002:001CCF2C  D4158_1
 0002:001CCF50  D4160_1
 0002:001CCF50  _errno
 0002:001CCF54  D4162_1
 0002:001CCF54  __messagefunc
 0002:001CCF58  __messagefile
 0002:001CCF64  D4170_1
 0002:001CCF8C  D4172_1
 0002:001CCFAC  __ectbl__ _internal_dbk_fcall_wrapper()
 0002:001CCFC4  D4193_1
 0002:001CD000  __exitbuf
 0002:001CD000  D4231_1
 0002:001CD004  __exitfopen
 0002:001CD008  __exitopen
 0002:001CD00C  D4255_0
 0002:001CD00C  __setargv_ptr
 0002:001CD010  __exitargv_ptr
 0002:001CD014  D4257_0
 0002:001CD014  __wsetargv_ptr
 0002:001CD018  __wexitargv_ptr
 0002:001CD01C  D4259_1
 0002:001CD01C  __setargv__
 0002:001CD070  D4261_1
 0002:001CD070  __cmdline_escapes
 0002:001CD098  D4263_1
 0002:001CD0BC  D4316_0
 0002:001CD0BC  __argv_expand_ptr
 0002:001CD0C0  __wargv_expand_ptr
 0002:001CD0C0  D4318_0
 0002:001CD0C4  __argv0
 0002:001CD0C4  D4320_1
 0002:001CD0E4  D4332_1
 0002:001CD0E4  __setenvp__
 0002:001CD138  D4346_1
 0002:001CD198  __isWindows
 0002:001CD198  D4360_0
 0002:001CD19C  D4362_1
 0002:001CD1A0  D4402_0
 0002:001CD1A0  __SWeekday
 0002:001CD1BC  __LWeekday
 0002:001CD1D8  __SMonth
 0002:001CD208  __LMonth
 0002:001CD238  __AmPm
 0002:001CD240  __Days
 0002:001CD24C  __YDays
 0002:001CD364  __PREFER_END_STANDARD_TIME
 0002:001CD364  D4406_1
 0002:001CD365  __PREFER_START_DAYLIGHT_TIME
 0002:001CD36C  D4408_1
 0002:001CD36C  __timezone
 0002:001CD370  __daylight
 0002:001CD374  __tzname
 0002:001CD374  D4410_1
 0002:001CD388  D4443_0
 0002:001CD388  ___xxPersonality
 0002:001CD38C  D4445_1
 0002:001CD6C8  __thrwl__ std::bad_typeid::~bad_typeid()
 0002:001CD6CC  __ectbl__ std::bad_typeid::~bad_typeid()
 0002:001CD6D8  @std@bad_typeid@3
 0002:001CD6EC  D4447_1
 0002:001CD6EC  ___terminatePTR
 0002:001CD6F0  ___unexpectdPTR
 0002:001CD6F4  ___CPPexceptionList
 0002:001CD6F4  D4449_1
 0002:001CD6F8  ___exceptFlags
 0002:001CD6FC  ___throwFileName
 0002:001CD700  ___throwLineNumber
 0002:001CD704  ___throwExceptionName
 0002:001CD708  ___exceptStaticBuffP
 0002:001CD70C  ___exceptMemAllocVars
 0002:001CD710  ___ExceptStaticXbuff
 0002:001CD790  __ExceptVarsSize
 0002:001CD7A4  __chtbl__ __call_terminate()
 0002:001CD7C4  __ectbl__ __call_terminate()
 0002:001CD7DC  D4455_1
 0002:001CD7EC  ___debuggerDisableTerminateCallback
 0002:001CD7EC  D4488_1
 0002:001CE120  __odtbl__ ___ExceptionHandler(_EXCEPTION_RECORD *, ERRbc *, _CONTEXT *, void *, unsigned long, unsigned long, unsigned long, unsigned long, unsigned long, unsigned long)
 0002:001CE130  __ectbl__ ___ExceptionHandler(_EXCEPTION_RECORD *, ERRbc *, _CONTEXT *, void *, unsigned long, unsigned long, unsigned long, unsigned long, unsigned long, unsigned long)
 0002:001CE154  __thrwl__ std::bad_exception::bad_exception()
 0002:001CE158  __odtbl__ std::bad_exception::bad_exception()
 0002:001CE168  __ectbl__ std::bad_exception::bad_exception()
 0002:001CE180  __thrwl__ std::bad_exception::~bad_exception()
 0002:001CE184  __odtbl__ std::bad_exception::~bad_exception()
 0002:001CE194  __ectbl__ std::bad_exception::~bad_exception()
 0002:001CE1AC  __ectbl__ std::bad_exception::bad_exception(std::bad_exception&)
 0002:001CE1B8  @std@bad_exception@3
 0002:001CE1CC  _GUID_NULL
 0002:001CE1CC  D4647_0
 0002:001CE1DC  _IID_IUnknown
 0002:001CE1EC  _IID_IRichEditOleCallback
 0002:001CE1FC  _IID_IEnumVARIANT
 0002:001CE20C  _IID_IDispatch
 0002:001CE21C  _IID_IDataObject
 0002:001CE22C  _IID_IPersistStreamInit
 0002:001CE23C  _IID_IOleControlSite
 0002:001CE24C  _IID_IProvideClassInfo2
 0002:001CE25C  _IID_IProvideClassInfo
 0002:001CE26C  _IID_IClassFactory2
 0002:001CE27C  _IID_IConnectionPointContainer
 0002:001CE28C  _IID_IOleInPlaceSite
 0002:001CE29C  _IID_IOleInPlaceObject
 0002:001CE2AC  _IID_IOleInPlaceFrame
 0002:001CE2BC  _IID_IOleInPlaceUIWindow
 0002:001CE2CC  _IID_IOleWindow
 0002:001CE2DC  _IID_IOleObject
 0002:001CE2EC  _IID_IOleClientSite
 0003:00000000  B2_2
 0003:00000018  B38_2
 0003:00000030  B40_2
 0003:00000048  B42_2
 0003:00000060  B46_2
 0003:00000078  B50_2
 0003:00000090  B56_2
 0003:000000A8  B60_2
 0003:000000C0  B64_2
 0003:000000D8  B66_2
 0003:000000F0  B74_2
 0003:00000108  B76_2
 0003:00000120  B78_2
 0003:00000138  B82_2
 0003:00000150  B86_2
 0003:00000168  B88_2
 0003:00000180  B92_2
 0003:00000198  B94_2
 0003:000001B0  B100_2
 0003:000001C8  B102_2
 0003:000001E0  B112_2
 0003:000001F8  B114_2
 0003:00000210  B118_2
 0003:00000228  B120_2
 0003:00000240  B122_2
 0003:00000258  B124_2
 0003:00000270  B130_2
 0003:00000288  B134_2
 0003:000002A0  B142_2
 0003:000002B8  B144_2
 0003:000002D0  B148_2
 0003:000002E8  B150_2
 0003:00000300  B152_2
 0003:00000318  B158_2
 0003:00000330  B160_2
 0003:00000348  B170_2
 0003:00000360  B172_2
 0003:00000378  B174_2
 0003:00000390  B176_2
 0003:000003A8  B178_2
 0003:000003C0  __iob
 0003:00000408  B180_2
 0003:00000420  B182_2
 0003:00000438  _pHTMLHELP
 0003:0000043C  B184_2
 0003:00000454  B190_2
 0003:0000046C  B192_2
 0003:00000484  B194_2
 0003:0000049C  B202_2
 0003:000004B4  B204_2
 0003:000004CC  B210_2
 0003:000004E4  B212_2
 0003:000004FC  B214_2
 0003:00000514  B218_2
 0003:0000052C  B222_2
 0003:00000544  B224_2
 0003:0000055C  B230_2
 0003:00000574  B236_2
 0003:0000058C  B240_2
 0003:000005A4  B248_2
 0003:000005BC  B256_2
 0003:000005D4  B262_2
 0003:000005EC  B266_2
 0003:00000604  B274_2
 0003:0000061C  B276_2
 0003:00000634  B278_2
 0003:0000064C  B280_2
 0003:00000664  B282_2
 0003:0000067C  _fp
 0003:00000680  _nDocLen
 0003:00000684  B284_2
 0003:0000069C  B286_2
 0003:000006B4  B290_2
 0003:000006CC  B292_2
 0003:000006E4  B294_2
 0003:000006FC  B296_2
 0003:00000714  B298_2
 0003:0000072C  B300_2
 0003:00000744  B302_2
 0003:0000075C  B304_2
 0003:00000774  B306_2
 0003:0000078C  B310_2
 0003:000007A4  B312_2
 0003:000007BC  B314_2
 0003:000007D4  B316_2
 0003:000007EC  B322_2
 0003:00000804  B336_2
 0003:0000081C  B338_2
 0003:00000834  B342_2
 0003:0000084C  B360_2
 0003:00000864  B388_2
 0003:0000087C  B400_2
 0003:00000894  B416_2
 0003:000008AC  B418_2
 0003:000008C4  B430_2
 0003:000008DC  B434_2
 0003:000008F4  B444_2
 0003:0000090C  B448_2
 0003:00000924  B452_2
 0003:0000093C  B462_2
 0003:00000954  B466_2
 0003:0000096C  B472_2
 0003:00000984  B494_2
 0003:0000099C  B496_2
 0003:000009B4  B498_2
 0003:000009CC  B502_2
 0003:000009E4  B504_2
 0003:000009FC  B516_2
 0003:00000A14  B518_2
 0003:00000A2C  B524_2
 0003:00000A44  B530_2
 0003:00000A5C  B532_2
 0003:00000A74  B536_2
 0003:00000A8C  B552_2
 0003:00000AA4  B554_2
 0003:00000ABC  B556_2
 0003:00000AD4  B564_2
 0003:00000AEC  B570_2
 0003:00000B04  B576_2
 0003:00000B1C  B578_2
 0003:00000B34  B582_2
 0003:00000B4C  B584_2
 0003:00000B64  B586_2
 0003:00000B7C  B606_2
 0003:000022EC  B610_2
 0003:0000247C  B612_2
 0003:000025A0  _gdiplusStartupInput
 0003:000025A0  B622_2
 0003:000025B0  _gdiplusToken
 0003:000025B4  B656_2
 0003:000026B8  B660_2
 0003:00002710  B764_2
 0003:000027B8  B786_2
 0003:000027BC  B802_2
 0003:0000285C  B838_1
 0003:000028D4  B842_2
 0003:00002950  B862_2
 0003:00002A90  B888_2
 0003:00002A98  B898_2
 0003:00002ADC  B920_2
 0003:00002AF4  B922_2
 0003:00002B0C  _item
 0003:00002B0C  B946_2
 0003:00002B28  _itemw
 0003:00002B28  B948_2
 0003:00002B44  _fnIsWow64Process
 0003:00002B44  B996_2
 0003:00002B48  B1040_2
 0003:00002B4C  B1054_2
 0003:00002B50  B1056_2
 0003:00002B68  B1068_2
 0003:00002BE8  B1076_2
 0003:00002E00  B1100_1
 0003:00002E08  B1138_2
 0003:00002F14  B1172_2
 0003:00003114  B1253_1
 0003:00003118  B1313_2
 0003:0000311C  B1332_2
 0003:00003134  B1338_2
 0003:0000314C  B1354_2
 0003:00003164  B1372_2
 0003:0000317C  B1378_2
 0003:00003194  B1396_2
 0003:000031AC  B1412_2
 0003:000031C4  B1416_2
 0003:000031DC  B1426_2
 0003:000031F4  B1430_2
 0003:0000320C  B1438_2
 0003:00003224  B1446_2
 0003:0000323C  B1452_2
 0003:00003254  B1456_2
 0003:000032A4  B1460_2
 0003:000032BC  B1462_2
 0003:000032D4  B1494_2
 0003:00004E10  B1500_2
 0003:00004FA0  B1514_2
 0003:00004FB8  B1526_2
 0003:000052B8  B1646_2
 0003:0000530C  B1654_2
 0003:000053D4  _yyleng
 0003:000053E0  _yyin
 0003:00009DEC  B1680_2
 0003:00009F94  B1726_2
 0003:00009FAC  B1730_2
 0003:00009FC4  B1996_2
 0003:0000A170  B2000_2
 0003:0000A318  B2217_2
 0003:0000A330  B2253_2
 0003:0000A348  B2255_2
 0003:0000A360  B2392_2
 0003:0000A374  _ChangeDiskBlock
 0003:0000A390  _ZipArray
 0003:0000A390  B2410_2
 0003:0000A394  _pZipI
 0003:0000A3AC  B2532_2
 0003:0000A3AC  std::_Ios_init
 0003:0000A3B4  std::_Wios_init
 0003:0000A46C  std::cin
 0003:0000A4BC  std::cout
 0003:0000A55C  std::cerr
 0003:0000A5A4  std::clog
 0003:0000A5F0  B2536_2
 0003:0000A5F8  B2538_2
 0003:0000A608  B2546_2
 0003:0000A60C  B2558_2
 0003:0000A714  std::wcin
 0003:0000A764  std::wcout
 0003:0000A7AC  std::wcerr
 0003:0000A7F4  std::wclog
 0003:0000A840  B2570_2
 0003:0000A848  B2712_2
 0003:0000A848  __bormm_pfn_FreeMem
 0003:0000A84C  __bormm_pfn_GetMem
 0003:0000A850  __bormm_pfn_AllocMem
 0003:0000A854  __bormm_pfn_ReallocMem
 0003:0000A858  __bormm_pfn_HeapAddRef
 0003:0000A85C  __bormm_pfn_HeapRelease
 0003:0000A864  __borlndmm_GetMem
 0003:0000A868  B2758_2
 0003:0000A879  __FastMM_AllocSize2SmallBlockTypeIndX4
 0003:0000A9C0  __FastMM_LastSequentiallyFedMediumBlock
 0003:0000A9C4  __FastMM_MediumSequentialFeedBytesLeft
 0003:0000A9C8  __FastMM_MediumBlockBinGroupBitmap
 0003:0000A9CC  __FastMM_MediumBlockBinBitmaps
 0003:0000AA4C  __FastMM_MediumBlockBins
 0003:0000CA64  B2868_2
 0003:0000CB08  __pidtab
 0003:0000CB08  B3160_1
 0003:0000CBD0  __handles
 0003:0000CC98  B3250_2
 0003:0000CC98  __doserrno
 0003:0000CC9C  B3254_1
 0003:0000CCA0  B3256_1
 0003:0000CCA4  __tmpnum
 0003:0000CCA4  B3269_2
 0003:0000CCB4  __mbctype
 0003:0000CCB4  B4000_2
 0003:0000CDB8  __mbcsCodePage
 0003:0000CDBC  B4140_2
 0003:0000CEBC  B4158_2
 0003:0000CED8  B4170_2
 0003:0000CED8  __ostype
 0003:0000CEDC  B4174_1
 0003:0000CEE4  __dbk_fcall_wrapper_addr
 0003:0000CEE4  B4189_2
 0003:0000CEE8  B4195_1
 0003:00010EEC  B4259_2
 0003:00010EEC  __argv
 0003:00010EF8  B4261_2
 0003:00010EFC  B4263_2
 0003:00010F00  B4332_2
 0003:00010F00  __environ
 0003:00010F08  __envsize
 0003:00010F0C  __env_lock
 0003:00010F10  __C0argc
 0003:00010F10  B4360_1
 0003:00010F14  __C0argv
 0003:00010F18  __C0environ
 0003:00010F1C  __oscmd
 0003:00010F20  __osenv
 0003:00010F24  __argc
 0003:00010F28  __dll_table
 0003:00010F30  __ExcRegPtr
 0003:00010F34  __wosenv
 0003:00010F38  __woscmd
 0003:00010F3C  __wC0argv
 0003:00010F40  __wC0environ
 0003:00010F44  __exe_table
 0003:00010F4C  __stkbase
 0003:00010F50  B4394_1
 0003:00010F74  B4410_2
 0003:00010F7C  B4445_2
 0003:00011384  B4449_2
 0003:00011384  __DestructorCountPtr
 0003:0001138C  B4455_2
 0003:0001138C  __HandlerPtr
 0003:00011390  __UserHandlerPtr
 0003:00011394  B4488_2
 0003:00011398  ___pCPPdebugHook
 0003:0001139C  _pVCL_add_EH
 0003:000113A0  _pVCL_clear_EH
 0003:000113A4  _getExceptionObject
 0003:000113A8  _raiseExceptObject
 0004:00000000  T4449_3
 0004:00000000  ___xxInfo
